Archive member included to satisfy reference by file (symbol)

c:/program files (x86)/atollic/truestudio for stm32 9.0.1/armtools/bin/../lib/gcc/arm-atollic-eabi/6.3.1/../../../../arm-atollic-eabi/lib/armv7e-m/fpu\libc_nano.a(lib_a-atoi.o)
                              Inc\My_Src\TinyGPS.o (atoi)
c:/program files (x86)/atollic/truestudio for stm32 9.0.1/armtools/bin/../lib/gcc/arm-atollic-eabi/6.3.1/../../../../arm-atollic-eabi/lib/armv7e-m/fpu\libc_nano.a(lib_a-init.o)
                              startup\startup_stm32f446xx.o (__libc_init_array)
c:/program files (x86)/atollic/truestudio for stm32 9.0.1/armtools/bin/../lib/gcc/arm-atollic-eabi/6.3.1/../../../../arm-atollic-eabi/lib/armv7e-m/fpu\libc_nano.a(lib_a-memset.o)
                              Inc\My_Src\my_GY_86_lib.o (memset)
c:/program files (x86)/atollic/truestudio for stm32 9.0.1/armtools/bin/../lib/gcc/arm-atollic-eabi/6.3.1/../../../../arm-atollic-eabi/lib/armv7e-m/fpu\libc_nano.a(lib_a-strtol.o)
                              c:/program files (x86)/atollic/truestudio for stm32 9.0.1/armtools/bin/../lib/gcc/arm-atollic-eabi/6.3.1/../../../../arm-atollic-eabi/lib/armv7e-m/fpu\libc_nano.a(lib_a-atoi.o) (_strtol_r)
c:/program files (x86)/atollic/truestudio for stm32 9.0.1/armtools/bin/../lib/gcc/arm-atollic-eabi/6.3.1/../../../../arm-atollic-eabi/lib/armv7e-m/fpu\libc_nano.a(lib_a-impure.o)
                              c:/program files (x86)/atollic/truestudio for stm32 9.0.1/armtools/bin/../lib/gcc/arm-atollic-eabi/6.3.1/../../../../arm-atollic-eabi/lib/armv7e-m/fpu\libc_nano.a(lib_a-strtol.o) (_impure_ptr)
c:/program files (x86)/atollic/truestudio for stm32 9.0.1/armtools/bin/../lib/gcc/arm-atollic-eabi/6.3.1/../../../../arm-atollic-eabi/lib/armv7e-m/fpu\libc_nano.a(lib_a-locale.o)
                              c:/program files (x86)/atollic/truestudio for stm32 9.0.1/armtools/bin/../lib/gcc/arm-atollic-eabi/6.3.1/../../../../arm-atollic-eabi/lib/armv7e-m/fpu\libc_nano.a(lib_a-strtol.o) (__locale_ctype_ptr_l)
c:/program files (x86)/atollic/truestudio for stm32 9.0.1/armtools/bin/../lib/gcc/arm-atollic-eabi/6.3.1/../../../../arm-atollic-eabi/lib/armv7e-m/fpu\libc_nano.a(lib_a-mbtowc_r.o)
                              c:/program files (x86)/atollic/truestudio for stm32 9.0.1/armtools/bin/../lib/gcc/arm-atollic-eabi/6.3.1/../../../../arm-atollic-eabi/lib/armv7e-m/fpu\libc_nano.a(lib_a-locale.o) (__ascii_mbtowc)
c:/program files (x86)/atollic/truestudio for stm32 9.0.1/armtools/bin/../lib/gcc/arm-atollic-eabi/6.3.1/../../../../arm-atollic-eabi/lib/armv7e-m/fpu\libc_nano.a(lib_a-strcmp.o)
                              c:/program files (x86)/atollic/truestudio for stm32 9.0.1/armtools/bin/../lib/gcc/arm-atollic-eabi/6.3.1/../../../../arm-atollic-eabi/lib/armv7e-m/fpu\libc_nano.a(lib_a-locale.o) (strcmp)
c:/program files (x86)/atollic/truestudio for stm32 9.0.1/armtools/bin/../lib/gcc/arm-atollic-eabi/6.3.1/../../../../arm-atollic-eabi/lib/armv7e-m/fpu\libc_nano.a(lib_a-wctomb_r.o)
                              c:/program files (x86)/atollic/truestudio for stm32 9.0.1/armtools/bin/../lib/gcc/arm-atollic-eabi/6.3.1/../../../../arm-atollic-eabi/lib/armv7e-m/fpu\libc_nano.a(lib_a-locale.o) (__ascii_wctomb)
c:/program files (x86)/atollic/truestudio for stm32 9.0.1/armtools/bin/../lib/gcc/arm-atollic-eabi/6.3.1/../../../../arm-atollic-eabi/lib/armv7e-m/fpu\libc_nano.a(lib_a-ctype_.o)
                              c:/program files (x86)/atollic/truestudio for stm32 9.0.1/armtools/bin/../lib/gcc/arm-atollic-eabi/6.3.1/../../../../arm-atollic-eabi/lib/armv7e-m/fpu\libc_nano.a(lib_a-locale.o) (_ctype_)
c:/program files (x86)/atollic/truestudio for stm32 9.0.1/armtools/bin/../lib/gcc/arm-atollic-eabi/6.3.1/../../../../arm-atollic-eabi/lib/armv7e-m/fpu\libm.a(lib_a-s_atan.o)
                              Inc\My_Src\my_Sensor_calc.o (atan)
c:/program files (x86)/atollic/truestudio for stm32 9.0.1/armtools/bin/../lib/gcc/arm-atollic-eabi/6.3.1/../../../../arm-atollic-eabi/lib/armv7e-m/fpu\libm.a(lib_a-s_cos.o)
                              Inc\My_Src\TinyGPS.o (cos)
c:/program files (x86)/atollic/truestudio for stm32 9.0.1/armtools/bin/../lib/gcc/arm-atollic-eabi/6.3.1/../../../../arm-atollic-eabi/lib/armv7e-m/fpu\libm.a(lib_a-s_fabs.o)
                              c:/program files (x86)/atollic/truestudio for stm32 9.0.1/armtools/bin/../lib/gcc/arm-atollic-eabi/6.3.1/../../../../arm-atollic-eabi/lib/armv7e-m/fpu\libm.a(lib_a-s_atan.o) (fabs)
c:/program files (x86)/atollic/truestudio for stm32 9.0.1/armtools/bin/../lib/gcc/arm-atollic-eabi/6.3.1/../../../../arm-atollic-eabi/lib/armv7e-m/fpu\libm.a(lib_a-s_sin.o)
                              Inc\My_Src\TinyGPS.o (sin)
c:/program files (x86)/atollic/truestudio for stm32 9.0.1/armtools/bin/../lib/gcc/arm-atollic-eabi/6.3.1/../../../../arm-atollic-eabi/lib/armv7e-m/fpu\libm.a(lib_a-sf_cos.o)
                              Inc\My_Src\my_Sensor_calc.o (cosf)
[...]
Memory Configuration

Name             Origin             Length             Attributes
RAM              0x20000000         0x00020000         xrw
FLASH            0x08000000         0x00080000         xr
*default*        0x00000000         0xffffffff

Linker script and memory map

LOAD c:/program files (x86)/atollic/truestudio for stm32 9.0.1/armtools/bin/../lib/gcc/arm-atollic-eabi/6.3.1/armv7e-m/fpu/crti.o
LOAD c:/program files (x86)/atollic/truestudio for stm32 9.0.1/armtools/bin/../lib/gcc/arm-atollic-eabi/6.3.1/armv7e-m/fpu/crtbegin.o
LOAD Drivers\STM32F4xx_HAL_Driver\Src\stm32f4xx_hal.o
LOAD Drivers\STM32F4xx_HAL_Driver\Src\stm32f4xx_hal_cortex.o
LOAD Drivers\STM32F4xx_HAL_Driver\Src\stm32f4xx_hal_dma.o
LOAD Drivers\STM32F4xx_HAL_Driver\Src\stm32f4xx_hal_dma_ex.o
LOAD Drivers\STM32F4xx_HAL_Driver\Src\stm32f4xx_hal_flash.o
LOAD Drivers\STM32F4xx_HAL_Driver\Src\stm32f4xx_hal_flash_ex.o
LOAD Drivers\STM32F4xx_HAL_Driver\Src\stm32f4xx_hal_flash_ramfunc.o
LOAD Drivers\STM32F4xx_HAL_Driver\Src\stm32f4xx_hal_gpio.o
LOAD Drivers\STM32F4xx_HAL_Driver\Src\stm32f4xx_hal_i2c.o
LOAD Drivers\STM32F4xx_HAL_Driver\Src\stm32f4xx_hal_i2c_ex.o
LOAD Drivers\STM32F4xx_HAL_Driver\Src\stm32f4xx_hal_pwr.o
LOAD Drivers\STM32F4xx_HAL_Driver\Src\stm32f4xx_hal_pwr_ex.o
LOAD Drivers\STM32F4xx_HAL_Driver\Src\stm32f4xx_hal_rcc.o
LOAD Drivers\STM32F4xx_HAL_Driver\Src\stm32f4xx_hal_rcc_ex.o
LOAD Drivers\STM32F4xx_HAL_Driver\Src\stm32f4xx_hal_tim.o
LOAD Drivers\STM32F4xx_HAL_Driver\Src\stm32f4xx_hal_tim_ex.o
LOAD Drivers\STM32F4xx_HAL_Driver\Src\stm32f4xx_hal_uart.o
LOAD Inc\My_Src\Complementary_Filter.o
LOAD Inc\My_Src\GPS.o
LOAD Inc\My_Src\LPF.o
LOAD Inc\My_Src\Optical_flow.o
LOAD Inc\My_Src\TinyGPS.o
LOAD Inc\My_Src\my_Control_lib.o
LOAD Inc\My_Src\my_GY_86_lib.o
LOAD Inc\My_Src\my_MotorControl_lib.o
LOAD Inc\My_Src\my_PIDControl.o
LOAD Inc\My_Src\my_PID_lib.o
LOAD Inc\My_Src\my_Sensor_calc.o
LOAD Inc\My_Src\my_receiver_lib.o
LOAD Inc\My_Src\s_busProtocol.o
LOAD Src\gpio.o
LOAD Src\i2c.o
LOAD Src\main.o
LOAD Src\stm32f4xx_hal_msp.o
LOAD Src\stm32f4xx_it.o
LOAD Src\system_stm32f4xx.o
LOAD Src\tim.o
LOAD Src\usart.o
LOAD startup\startup_stm32f446xx.o
                0x00000080                malloc_getpagesize_P = 0x80
START GROUP
LOAD c:/program files (x86)/atollic/truestudio for stm32 9.0.1/armtools/bin/../lib/gcc/arm-atollic-eabi/6.3.1/../../../../arm-atollic-eabi/lib/armv7e-m/fpu\libc_nano.a
LOAD c:/program files (x86)/atollic/truestudio for stm32 9.0.1/armtools/bin/../lib/gcc/arm-atollic-eabi/6.3.1/../../../../arm-atollic-eabi/lib/armv7e-m/fpu\libm.a
END GROUP
START GROUP
LOAD c:/program files (x86)/atollic/truestudio for stm32 9.0.1/armtools/bin/../lib/gcc/arm-atollic-eabi/6.3.1/armv7e-m/fpu\libgcc.a
LOAD c:/program files (x86)/atollic/truestudio for stm32 9.0.1/armtools/bin/../lib/gcc/arm-atollic-eabi/6.3.1/../../../../arm-atollic-eabi/lib/armv7e-m/fpu\libc_nano.a
END GROUP
START GROUP
LOAD c:/program files (x86)/atollic/truestudio for stm32 9.0.1/armtools/bin/../lib/gcc/arm-atollic-eabi/6.3.1/armv7e-m/fpu\libgcc.a
LOAD c:/program files (x86)/atollic/truestudio for stm32 9.0.1/armtools/bin/../lib/gcc/arm-atollic-eabi/6.3.1/../../../../arm-atollic-eabi/lib/armv7e-m/fpu\libc_nano.a
LOAD c:/program files (x86)/atollic/truestudio for stm32 9.0.1/armtools/bin/../lib/gcc/arm-atollic-eabi/6.3.1/../../../../arm-atollic-eabi/lib/armv7e-m/fpu\libnosys.a
END GROUP
START GROUP
LOAD c:/program files (x86)/atollic/truestudio for stm32 9.0.1/armtools/bin/../lib/gcc/arm-atollic-eabi/6.3.1/armv7e-m/fpu\libgcc.a
LOAD c:/program files (x86)/atollic/truestudio for stm32 9.0.1/armtools/bin/../lib/gcc/arm-atollic-eabi/6.3.1/../../../../arm-atollic-eabi/lib/armv7e-m/fpu\libc_nano.a
LOAD c:/program files (x86)/atollic/truestudio for stm32 9.0.1/armtools/bin/../lib/gcc/arm-atollic-eabi/6.3.1/../../../../arm-atollic-eabi/lib/armv7e-m/fpu\libnosys.a
END GROUP
LOAD c:/program files (x86)/atollic/truestudio for stm32 9.0.1/armtools/bin/../lib/gcc/arm-atollic-eabi/6.3.1/armv7e-m/fpu/crtend.o
LOAD c:/program files (x86)/atollic/truestudio for stm32 9.0.1/armtools/bin/../lib/gcc/arm-atollic-eabi/6.3.1/armv7e-m/fpu/crtn.o
                0x20020000                _estack = 0x20020000
                0x00000200                _Min_Heap_Size = 0x200
                0x00000400                _Min_Stack_Size = 0x400

.isr_vector     0x08000000      0x1c4
                0x08000000                . = ALIGN (0x4)
 *(.isr_vector)
 .isr_vector    0x08000000      0x1c4 startup\startup_stm32f446xx.o
                0x08000000                g_pfnVectors
                0x080001c4                . = ALIGN (0x4)

.text           0x080001c8     0x755c
                0x080001c8                . = ALIGN (0x4)
 *(.text)
 .text          0x080001c8       0x40 c:/program files (x86)/atollic/truestudio for stm32 9.0.1/armtools/bin/../lib/gcc/arm-atollic-eabi/6.3.1/armv7e-m/fpu/crtbegin.o
 .text          0x08000208      0x370 c:/program files (x86)/atollic/truestudio for stm32 9.0.1/armtools/bin/../lib/gcc/arm-atollic-eabi/6.3.1/armv7e-m/fpu\libgcc.a(_arm_addsubdf3.o)
                0x08000208                __aeabi_drsub
                0x08000210                __aeabi_dsub
                0x08000210                __subdf3
                0x08000214                __aeabi_dadd
                0x08000214                __adddf3
                0x0800048c                __floatunsidf
                0x0800048c                __aeabi_ui2d
                0x080004ac                __floatsidf
                0x080004ac                __aeabi_i2d
                0x080004d0                __aeabi_f2d
                0x080004d0                __extendsfdf2
                0x0800050c                __floatundidf
                0x0800050c                __aeabi_ul2d
                0x0800051c                __floatdidf
                0x0800051c                __aeabi_l2d
 .text          0x08000578      0x424 c:/program files (x86)/atollic/truestudio for stm32 9.0.1/armtools/bin/../lib/gcc/arm-atollic-eabi/6.3.1/armv7e-m/fpu\libgcc.a(_arm_muldivdf3.o)
                0x08000578                __aeabi_dmul
                0x08000578                __muldf3
                0x080007cc                __divdf3
                0x080007cc                __aeabi_ddiv
 .text          0x0800099c      0x110 c:/program files (x86)/atollic/truestudio for stm32 9.0.1/armtools/bin/../lib/gcc/arm-atollic-eabi/6.3.1/armv7e-m/fpu\libgcc.a(_arm_cmpdf2.o)
                0x0800099c                __gtdf2
                0x0800099c                __gedf2
                0x080009a4                __ltdf2
                0x080009a4                __ledf2
                0x080009ac                __nedf2
                0x080009ac                __eqdf2
                0x080009ac                __cmpdf2
                0x08000a28                __aeabi_cdrcmple
                0x08000a38                __aeabi_cdcmpeq
                0x08000a38                __aeabi_cdcmple
                0x08000a48                __aeabi_dcmpeq
                0x08000a5c                __aeabi_dcmplt
                0x08000a70                __aeabi_dcmple
                0x08000a84                __aeabi_dcmpge
                0x08000a98                __aeabi_dcmpgt
 .text          0x08000aac       0x2c c:/program files (x86)/atollic/truestudio for stm32 9.0.1/armtools/bin/../lib/gcc/arm-atollic-eabi/6.3.1/armv7e-m/fpu\libgcc.a(_arm_unorddf2.o)
                0x08000aac                __unorddf2
                0x08000aac                __aeabi_dcmpun
 .text          0x08000ad8       0x50 c:/program files (x86)/atollic/truestudio for stm32 9.0.1/armtools/bin/../lib/gcc/arm-atollic-eabi/6.3.1/armv7e-m/fpu\libgcc.a(_arm_fixdfsi.o)
                0x08000ad8                __aeabi_d2iz
                0x08000ad8                __fixdfsi
 .text          0x08000b28       0x40 c:/program files (x86)/atollic/truestudio for stm32 9.0.1/armtools/bin/../lib/gcc/arm-atollic-eabi/6.3.1/armv7e-m/fpu\libgcc.a(_arm_fixunsdfsi.o)
                0x08000b28                __aeabi_d2uiz
                0x08000b28                __fixunsdfsi
 .text          0x08000b68       0xa0 c:/program files (x86)/atollic/truestudio for stm32 9.0.1/armtools/bin/../lib/gcc/arm-atollic-eabi/6.3.1/armv7e-m/fpu\libgcc.a(_arm_truncdfsf2.o)
                0x08000b68                __truncdfsf2
                0x08000b68                __aeabi_d2f
 .text          0x08000c08       0x30 c:/program files (x86)/atollic/truestudio for stm32 9.0.1/armtools/bin/../lib/gcc/arm-atollic-eabi/6.3.1/armv7e-m/fpu\libgcc.a(_aeabi_uldivmod.o)
                0x08000c08                __aeabi_uldivmod
 .text          0x08000c38       0x30 c:/program files (x86)/atollic/truestudio for stm32 9.0.1/armtools/bin/../lib/gcc/arm-atollic-eabi/6.3.1/armv7e-m/fpu\libgcc.a(_fixdfdi.o)
                0x08000c38                __fixdfdi
                0x08000c38                __aeabi_d2lz
 .text          0x08000c68       0x48 c:/program files (x86)/atollic/truestudio for stm32 9.0.1/armtools/bin/../lib/gcc/arm-atollic-eabi/6.3.1/armv7e-m/fpu\libgcc.a(_fixunsdfdi.o)
                0x08000c68                __fixunsdfdi
                0x08000c68                __aeabi_d2ulz
 .text          0x08000cb0      0x2dc c:/program files (x86)/atollic/truestudio for stm32 9.0.1/armtools/bin/../lib/gcc/arm-atollic-eabi/6.3.1/armv7e-m/fpu\libgcc.a(_udivmoddi4.o)
                0x08000cb0                __udivmoddi4
 .text          0x08000f8c        0x4 c:/program files (x86)/atollic/truestudio for stm32 9.0.1/armtools/bin/../lib/gcc/arm-atollic-eabi/6.3.1/armv7e-m/fpu\libgcc.a(_dvmd_tls.o)
                0x08000f8c                __aeabi_idiv0
                0x08000f8c                __aeabi_ldiv0
 *(.text*)
 .text.HAL_InitTick
                0x08000f90       0x48 Drivers\STM32F4xx_HAL_Driver\Src\stm32f4xx_hal.o
                0x08000f90                HAL_InitTick
 .text.HAL_Init
                0x08000fd8       0x34 Drivers\STM32F4xx_HAL_Driver\Src\stm32f4xx_hal.o
                0x08000fd8                HAL_Init
 .text.HAL_IncTick
                0x0800100c       0x18 Drivers\STM32F4xx_HAL_Driver\Src\stm32f4xx_hal.o
                0x0800100c                HAL_IncTick
 .text.HAL_GetTick
                0x08001024        0xc Drivers\STM32F4xx_HAL_Driver\Src\stm32f4xx_hal.o
                0x08001024                HAL_GetTick
 .text.HAL_Delay
                0x08001030       0x28 Drivers\STM32F4xx_HAL_Driver\Src\stm32f4xx_hal.o
                0x08001030                HAL_Delay
 .text.HAL_NVIC_SetPriorityGrouping
                0x08001058       0x24 Drivers\STM32F4xx_HAL_Driver\Src\stm32f4xx_hal_cortex.o
                0x08001058                HAL_NVIC_SetPriorityGrouping
 .text.HAL_NVIC_SetPriority
                0x0800107c       0x68 Drivers\STM32F4xx_HAL_Driver\Src\stm32f4xx_hal_cortex.o
                0x0800107c                HAL_NVIC_SetPriority
 .text.HAL_NVIC_EnableIRQ
                0x080010e4       0x18 Drivers\STM32F4xx_HAL_Driver\Src\stm32f4xx_hal_cortex.o
                0x080010e4                HAL_NVIC_EnableIRQ
 .text.HAL_SYSTICK_Config
                0x080010fc       0x2c Drivers\STM32F4xx_HAL_Driver\Src\stm32f4xx_hal_cortex.o
                0x080010fc                HAL_SYSTICK_Config
 .text.HAL_SYSTICK_CLKSourceConfig
                0x08001128       0x18 Drivers\STM32F4xx_HAL_Driver\Src\stm32f4xx_hal_cortex.o
                0x08001128                HAL_SYSTICK_CLKSourceConfig
 .text.HAL_SYSTICK_Callback
                0x08001140        0x2 Drivers\STM32F4xx_HAL_Driver\Src\stm32f4xx_hal_cortex.o
                0x08001140                HAL_SYSTICK_Callback
 .text.HAL_SYSTICK_IRQHandler
                0x08001142        0x8 Drivers\STM32F4xx_HAL_Driver\Src\stm32f4xx_hal_cortex.o
                0x08001142                HAL_SYSTICK_IRQHandler
 .text.HAL_DMA_Abort_IT
                0x0800114a       0x24 Drivers\STM32F4xx_HAL_Driver\Src\stm32f4xx_hal_dma.o
                0x0800114a                HAL_DMA_Abort_IT
 *fill*         0x0800116e        0x2 
 .text.HAL_GPIO_Init
                0x08001170      0x1b4 Drivers\STM32F4xx_HAL_Driver\Src\stm32f4xx_hal_gpio.o
                0x08001170                HAL_GPIO_Init
 .text.HAL_GPIO_WritePin
                0x08001324        0xa Drivers\STM32F4xx_HAL_Driver\Src\stm32f4xx_hal_gpio.o
                0x08001324                HAL_GPIO_WritePin
 .text.I2C_IsAcknowledgeFailed
                0x0800132e       0x2a Drivers\STM32F4xx_HAL_Driver\Src\stm32f4xx_hal_i2c.o
 .text.I2C_WaitOnMasterAddressFlagUntilTimeout
                0x08001358       0x80 Drivers\STM32F4xx_HAL_Driver\Src\stm32f4xx_hal_i2c.o
 .text.I2C_WaitOnFlagUntilTimeout
                0x080013d8       0x5c Drivers\STM32F4xx_HAL_Driver\Src\stm32f4xx_hal_i2c.o
 .text.I2C_WaitOnTXEFlagUntilTimeout
                0x08001434       0x4c Drivers\STM32F4xx_HAL_Driver\Src\stm32f4xx_hal_i2c.o
 .text.I2C_RequestMemoryRead
                0x08001480       0xf4 Drivers\STM32F4xx_HAL_Driver\Src\stm32f4xx_hal_i2c.o
 .text.I2C_WaitOnRXNEFlagUntilTimeout
                0x08001574       0x5a Drivers\STM32F4xx_HAL_Driver\Src\stm32f4xx_hal_i2c.o
 .text.I2C_WaitOnBTFFlagUntilTimeout
                0x080015ce       0x4c Drivers\STM32F4xx_HAL_Driver\Src\stm32f4xx_hal_i2c.o
 *fill*         0x0800161a        0x2 
 .text.HAL_I2C_Init
                0x0800161c       0xdc Drivers\STM32F4xx_HAL_Driver\Src\stm32f4xx_hal_i2c.o
                0x0800161c                HAL_I2C_Init
 .text.HAL_I2C_Master_Transmit
                0x080016f8      0x1ac Drivers\STM32F4xx_HAL_Driver\Src\stm32f4xx_hal_i2c.o
                0x080016f8                HAL_I2C_Master_Transmit
 .text.HAL_I2C_Master_Receive
                0x080018a4      0x2ec Drivers\STM32F4xx_HAL_Driver\Src\stm32f4xx_hal_i2c.o
                0x080018a4                HAL_I2C_Master_Receive
 .text.HAL_I2C_Mem_Read
                0x08001b90      0x220 Drivers\STM32F4xx_HAL_Driver\Src\stm32f4xx_hal_i2c.o
                0x08001b90                HAL_I2C_Mem_Read
 .text.HAL_PWREx_EnableOverDrive
                0x08001db0       0x78 Drivers\STM32F4xx_HAL_Driver\Src\stm32f4xx_hal_pwr_ex.o
                0x08001db0                HAL_PWREx_EnableOverDrive
 .text.HAL_RCC_ClockConfig
                0x08001e28      0x134 Drivers\STM32F4xx_HAL_Driver\Src\stm32f4xx_hal_rcc.o
                0x08001e28                HAL_RCC_ClockConfig
 .text.HAL_RCC_GetHCLKFreq
                0x08001f5c        0xc Drivers\STM32F4xx_HAL_Driver\Src\stm32f4xx_hal_rcc.o
                0x08001f5c                HAL_RCC_GetHCLKFreq
 .text.HAL_RCC_GetPCLK1Freq
                0x08001f68       0x20 Drivers\STM32F4xx_HAL_Driver\Src\stm32f4xx_hal_rcc.o
                0x08001f68                HAL_RCC_GetPCLK1Freq
 .text.HAL_RCC_GetPCLK2Freq
                0x08001f88       0x20 Drivers\STM32F4xx_HAL_Driver\Src\stm32f4xx_hal_rcc.o
                0x08001f88                HAL_RCC_GetPCLK2Freq
 .text.HAL_RCC_GetSysClockFreq
                0x08001fa8       0x90 Drivers\STM32F4xx_HAL_Driver\Src\stm32f4xx_hal_rcc_ex.o
                0x08001fa8                HAL_RCC_GetSysClockFreq
 .text.HAL_RCC_OscConfig
                0x08002038      0x334 Drivers\STM32F4xx_HAL_Driver\Src\stm32f4xx_hal_rcc_ex.o
                0x08002038                HAL_RCC_OscConfig
 .text.TIM_OC1_SetConfig
                0x0800236c       0x58 Drivers\STM32F4xx_HAL_Driver\Src\stm32f4xx_hal_tim.o
 .text.TIM_OC3_SetConfig
                0x080023c4       0x60 Drivers\STM32F4xx_HAL_Driver\Src\stm32f4xx_hal_tim.o
 .text.TIM_OC4_SetConfig
                0x08002424       0x50 Drivers\STM32F4xx_HAL_Driver\Src\stm32f4xx_hal_tim.o
 .text.HAL_TIM_Base_Start_IT
                0x08002474       0x16 Drivers\STM32F4xx_HAL_Driver\Src\stm32f4xx_hal_tim.o
                0x08002474                HAL_TIM_Base_Start_IT
 .text.HAL_TIM_PWM_MspInit
                0x0800248a        0x2 Drivers\STM32F4xx_HAL_Driver\Src\stm32f4xx_hal_tim.o
                0x0800248a                HAL_TIM_PWM_MspInit
 .text.HAL_TIM_ConfigClockSource
                0x0800248c      0x172 Drivers\STM32F4xx_HAL_Driver\Src\stm32f4xx_hal_tim.o
                0x0800248c                HAL_TIM_ConfigClockSource
 *fill*         0x080025fe        0x2 
 .text.TIM_Base_SetConfig
                0x08002600       0xc8 Drivers\STM32F4xx_HAL_Driver\Src\stm32f4xx_hal_tim.o
                0x08002600                TIM_Base_SetConfig
 .text.HAL_TIM_Base_Init
                0x080026c8       0x34 Drivers\STM32F4xx_HAL_Driver\Src\stm32f4xx_hal_tim.o
                0x080026c8                HAL_TIM_Base_Init
 .text.HAL_TIM_PWM_Init
                0x080026fc       0x34 Drivers\STM32F4xx_HAL_Driver\Src\stm32f4xx_hal_tim.o
                0x080026fc                HAL_TIM_PWM_Init
 .text.TIM_OC2_SetConfig
                0x08002730       0x60 Drivers\STM32F4xx_HAL_Driver\Src\stm32f4xx_hal_tim.o
                0x08002730                TIM_OC2_SetConfig
 .text.HAL_TIM_PWM_ConfigChannel
                0x08002790       0xc4 Drivers\STM32F4xx_HAL_Driver\Src\stm32f4xx_hal_tim.o
                0x08002790                HAL_TIM_PWM_ConfigChannel
 .text.TIM_CCxChannelCmd
                0x08002854       0x18 Drivers\STM32F4xx_HAL_Driver\Src\stm32f4xx_hal_tim.o
                0x08002854                TIM_CCxChannelCmd
 .text.HAL_TIM_PWM_Start
                0x0800286c       0x34 Drivers\STM32F4xx_HAL_Driver\Src\stm32f4xx_hal_tim.o
                0x0800286c                HAL_TIM_PWM_Start
 .text.HAL_TIMEx_MasterConfigSynchronization
                0x080028a0       0x44 Drivers\STM32F4xx_HAL_Driver\Src\stm32f4xx_hal_tim_ex.o
                0x080028a0                HAL_TIMEx_MasterConfigSynchronization
 .text.HAL_TIMEx_ConfigBreakDeadTime
                0x080028e4       0x4c Drivers\STM32F4xx_HAL_Driver\Src\stm32f4xx_hal_tim_ex.o
                0x080028e4                HAL_TIMEx_ConfigBreakDeadTime
 .text.UART_EndRxTransfer
                0x08002930       0x1a Drivers\STM32F4xx_HAL_Driver\Src\stm32f4xx_hal_uart.o
 *fill*         0x0800294a        0x2 
 .text.UART_SetConfig
                0x0800294c      0x234 Drivers\STM32F4xx_HAL_Driver\Src\stm32f4xx_hal_uart.o
 .text.HAL_UART_Init
                0x08002b80       0x5c Drivers\STM32F4xx_HAL_Driver\Src\stm32f4xx_hal_uart.o
                0x08002b80                HAL_UART_Init
 .text.HAL_UART_Receive_IT
                0x08002bdc       0x46 Drivers\STM32F4xx_HAL_Driver\Src\stm32f4xx_hal_uart.o
                0x08002bdc                HAL_UART_Receive_IT
 .text.HAL_UART_TxCpltCallback
                0x08002c22        0x2 Drivers\STM32F4xx_HAL_Driver\Src\stm32f4xx_hal_uart.o
                0x08002c22                HAL_UART_TxCpltCallback
 .text.UART_Receive_IT
                0x08002c24       0x74 Drivers\STM32F4xx_HAL_Driver\Src\stm32f4xx_hal_uart.o
 .text.HAL_UART_ErrorCallback
                0x08002c98        0x2 Drivers\STM32F4xx_HAL_Driver\Src\stm32f4xx_hal_uart.o
                0x08002c98                HAL_UART_ErrorCallback
 *fill*         0x08002c9a        0x2 
 .text.HAL_UART_IRQHandler
                0x08002c9c      0x140 Drivers\STM32F4xx_HAL_Driver\Src\stm32f4xx_hal_uart.o
                0x08002c9c                HAL_UART_IRQHandler
 .text.UART_DMAAbortOnError
                0x08002ddc       0x10 Drivers\STM32F4xx_HAL_Driver\Src\stm32f4xx_hal_uart.o
 .text.conmp_Filter_Calc
                0x08002dec       0xf0 Inc\My_Src\Complementary_Filter.o
                0x08002dec                conmp_Filter_Calc
 .text.getGPS   0x08002edc       0x18 Inc\My_Src\GPS.o
                0x08002edc                getGPS
 .text.LPF_Init
                0x08002ef4       0x1c Inc\My_Src\LPF.o
                0x08002ef4                LPF_Init
 .text.TinyGPS  0x08002f10       0xa4 Inc\My_Src\TinyGPS.o
                0x08002f10                TinyGPS
 .text.from_hex
                0x08002fb4       0x1a Inc\My_Src\TinyGPS.o
                0x08002fb4                from_hex
 .text.gpsatol  0x08002fce       0x1e Inc\My_Src\TinyGPS.o
                0x08002fce                gpsatol
 .text.parse_decimal
                0x08002fec       0x58 Inc\My_Src\TinyGPS.o
                0x08002fec                parse_decimal
 .text.parse_degrees
                0x08003044       0x6c Inc\My_Src\TinyGPS.o
                0x08003044                parse_degrees
 .text.gpsstrcmp
                0x080030b0       0x14 Inc\My_Src\TinyGPS.o
                0x080030b0                gpsstrcmp
 .text.term_complete
                0x080030c4      0x2c4 Inc\My_Src\TinyGPS.o
                0x080030c4                term_complete
 .text.encode   0x08003388       0xb8 Inc\My_Src\TinyGPS.o
                0x08003388                encode
 .text.get_position
                0x08003440       0x2c Inc\My_Src\TinyGPS.o
                0x08003440                get_position
 *fill*         0x0800346c        0x4 
 .text.f_get_position
                0x08003470       0x68 Inc\My_Src\TinyGPS.o
                0x08003470                f_get_position
 .text.altitude
                0x080034d8        0xc Inc\My_Src\TinyGPS.o
                0x080034d8                altitude
 .text.Total_Init
                0x080034e4       0x44 Inc\My_Src\my_Control_lib.o
                0x080034e4                Total_Init
 .text.stabilizer_Loop
                0x08003528      0x274 Inc\My_Src\my_Control_lib.o
                0x08003528                stabilizer_Loop
 .text.Write_reg
                0x0800379c       0x24 Inc\My_Src\my_GY_86_lib.o
                0x0800379c                Write_reg
 .text.Calc_TP  0x080037c0      0x2d0 Inc\My_Src\my_GY_86_lib.o
                0x080037c0                Calc_TP
 .text.MPU_6050_init
                0x08003a90       0x3e Inc\My_Src\my_GY_86_lib.o
                0x08003a90                MPU_6050_init
 .text.HMC5883L_init
                0x08003ace       0xb2 Inc\My_Src\my_GY_86_lib.o
                0x08003ace                HMC5883L_init
 .text.MS5611_init
                0x08003b80       0xe0 Inc\My_Src\my_GY_86_lib.o
                0x08003b80                MS5611_init
 .text.Read_MPU6050_Data
                0x08003c60      0x108 Inc\My_Src\my_GY_86_lib.o
                0x08003c60                Read_MPU6050_Data
 .text.Read_HMC5883L_Data
                0x08003d68       0xf0 Inc\My_Src\my_GY_86_lib.o
                0x08003d68                Read_HMC5883L_Data
 .text.Read_MS5611_Data
                0x08003e58       0xa4 Inc\My_Src\my_GY_86_lib.o
                0x08003e58                Read_MS5611_Data
 .text.Total_Calibration
                0x08003efc      0x284 Inc\My_Src\my_GY_86_lib.o
                0x08003efc                Total_Calibration
 .text.Mag_calibration
                0x08004180       0xe4 Inc\My_Src\my_GY_86_lib.o
                0x08004180                Mag_calibration
 .text.Read_9axisData
                0x08004264      0x194 Inc\My_Src\my_GY_86_lib.o
                0x08004264                Read_9axisData
 .text.Read_MSData
                0x080043f8       0x58 Inc\My_Src\my_GY_86_lib.o
                0x080043f8                Read_MSData
 .text.DT_Reset
                0x08004450        0xc Inc\My_Src\my_GY_86_lib.o
                0x08004450                DT_Reset
 .text.Motor_init
                0x0800445c       0x68 Inc\My_Src\my_MotorControl_lib.o
                0x0800445c                Motor_init
 *fill*         0x080044c4        0x4 
 .text.Motor_Control
                0x080044c8      0x1cc Inc\My_Src\my_MotorControl_lib.o
                0x080044c8                Motor_Control
 .text.PIDControl_Init
                0x08004694      0x200 Inc\My_Src\my_PIDControl.o
                0x08004694                PIDControl_Init
 .text.PIDThrustControl
                0x08004894       0x3c Inc\My_Src\my_PIDControl.o
                0x08004894                PIDThrustControl
 .text.PIDAttitudeControl
                0x080048d0       0xb4 Inc\My_Src\my_PIDControl.o
                0x080048d0                PIDAttitudeControl
 .text.PIDdtSet
                0x08004984       0x64 Inc\My_Src\my_PIDControl.o
                0x08004984                PIDdtSet
 .text.PIDControlOut
                0x080049e8       0x28 Inc\My_Src\my_PIDControl.o
                0x080049e8                PIDControlOut
 .text.saturateSignedInt16
                0x08004a10       0x44 Inc\My_Src\my_PIDControl.o
                0x08004a10                saturateSignedInt16
 .text.PIDRateControl
                0x08004a54       0x98 Inc\My_Src\my_PIDControl.o
                0x08004a54                PIDRateControl
 .text.pidInit  0x08004aec       0x30 Inc\My_Src\my_PID_lib.o
                0x08004aec                pidInit
 .text.pidUpdateRate
                0x08004b1c       0x70 Inc\My_Src\my_PID_lib.o
                0x08004b1c                pidUpdateRate
 .text.pidUpdate
                0x08004b8c       0x70 Inc\My_Src\my_PID_lib.o
                0x08004b8c                pidUpdate
 .text.pidSetIntegralLimit
                0x08004bfc        0xa Inc\My_Src\my_PID_lib.o
                0x08004bfc                pidSetIntegralLimit
 .text.pidSetdesired
                0x08004c06        0x6 Inc\My_Src\my_PID_lib.o
                0x08004c06                pidSetdesired
 .text.pidSetDt
                0x08004c0c        0x6 Inc\My_Src\my_PID_lib.o
                0x08004c0c                pidSetDt
 *fill*         0x08004c12        0x2 
 .text.sensorcalcQ_mahony
                0x08004c14      0x248 Inc\My_Src\my_Sensor_calc.o
                0x08004c14                sensorcalcQ_mahony
 *fill*         0x08004e5c        0x4 
 .text.Yaw_data_get
                0x08004e60      0x220 Inc\My_Src\my_Sensor_calc.o
                0x08004e60                Yaw_data_get
 .text.calc_Q_to_E
                0x08005080       0xe4 Inc\My_Src\my_Sensor_calc.o
                0x08005080                calc_Q_to_E
 .text.usart_DMA_init
                0x08005164       0x34 Inc\My_Src\my_receiver_lib.o
                0x08005164                usart_DMA_init
 .text.HAL_UART_RxCpltCallback
                0x08005198       0xa0 Inc\My_Src\my_receiver_lib.o
                0x08005198                HAL_UART_RxCpltCallback
 .text.SignalGet
                0x08005238        0xc Inc\My_Src\my_receiver_lib.o
                0x08005238                SignalGet
 .text.CommandGet
                0x08005244       0x60 Inc\My_Src\my_receiver_lib.o
                0x08005244                CommandGet
 .text.Busprotocol
                0x080052a4       0x4c Inc\My_Src\my_receiver_lib.o
                0x080052a4                Busprotocol
 .text.pointValueInit
                0x080052f0       0x64 Inc\My_Src\s_busProtocol.o
                0x080052f0                pointValueInit
 *fill*         0x08005354        0x4 
 .text.S_busProtocol
                0x08005358      0x274 Inc\My_Src\s_busProtocol.o
                0x08005358                S_busProtocol
 .text.MX_GPIO_Init
                0x080055cc       0xa0 Src\gpio.o
                0x080055cc                MX_GPIO_Init
 .text.MX_I2C1_Init
                0x0800566c       0x48 Src\i2c.o
                0x0800566c                MX_I2C1_Init
 .text.HAL_I2C_MspInit
                0x080056b4       0x54 Src\i2c.o
                0x080056b4                HAL_I2C_MspInit
 .text.SystemClock_Config
                0x08005708       0xb8 Src\main.o
                0x08005708                SystemClock_Config
 .text.startup.main
                0x080057c0       0x3c Src\main.o
                0x080057c0                main
 .text._Error_Handler
                0x080057fc        0x2 Src\main.o
                0x080057fc                _Error_Handler
 *fill*         0x080057fe        0x2 
 .text.HAL_MspInit
                0x08005800       0x90 Src\stm32f4xx_hal_msp.o
                0x08005800                HAL_MspInit
 .text.SysTick_Handler
                0x08005890        0xe Src\stm32f4xx_it.o
                0x08005890                SysTick_Handler
 *fill*         0x0800589e        0x2 
 .text.USART1_IRQHandler
                0x080058a0        0xc Src\stm32f4xx_it.o
                0x080058a0                USART1_IRQHandler
 .text.USART3_IRQHandler
                0x080058ac        0xc Src\stm32f4xx_it.o
                0x080058ac                USART3_IRQHandler
 .text.SystemInit
                0x080058b8       0x4c Src\system_stm32f4xx.o
                0x080058b8                SystemInit
 .text.MX_TIM10_Init
                0x08005904       0x3c Src\tim.o
                0x08005904                MX_TIM10_Init
 .text.HAL_TIM_Base_MspInit
                0x08005940       0x54 Src\tim.o
                0x08005940                HAL_TIM_Base_MspInit
 .text.HAL_TIM_MspPostInit
                0x08005994       0x34 Src\tim.o
                0x08005994                HAL_TIM_MspPostInit
 .text.MX_TIM8_Init
                0x080059c8      0x108 Src\tim.o
                0x080059c8                MX_TIM8_Init
 .text.MX_USART1_UART_Init
                0x08005ad0       0x48 Src\usart.o
                0x08005ad0                MX_USART1_UART_Init
 .text.MX_USART2_UART_Init
                0x08005b18       0x40 Src\usart.o
                0x08005b18                MX_USART2_UART_Init
 .text.MX_USART3_UART_Init
                0x08005b58       0x40 Src\usart.o
                0x08005b58                MX_USART3_UART_Init
 .text.HAL_UART_MspInit
                0x08005b98      0x118 Src\usart.o
                0x08005b98                HAL_UART_MspInit
 .text.Reset_Handler
                0x08005cb0       0x50 startup\startup_stm32f446xx.o
                0x08005cb0                Reset_Handler
 .text.Default_Handler
                0x08005d00        0x2 startup\startup_stm32f446xx.o
                0x08005d00                RTC_Alarm_IRQHandler
                0x08005d00                EXTI2_IRQHandler
                0x08005d00                TIM8_CC_IRQHandler
                0x08005d00                DebugMon_Handler
                0x08005d00                SPI4_IRQHandler
                0x08005d00                TIM1_CC_IRQHandler
                0x08005d00                DMA2_Stream5_IRQHandler
                0x08005d00                HardFault_Handler
                0x08005d00                DMA1_Stream5_IRQHandler
                0x08005d00                PVD_IRQHandler
                0x08005d00                SDIO_IRQHandler
                0x08005d00                TAMP_STAMP_IRQHandler
                0x08005d00                PendSV_Handler
                0x08005d00                NMI_Handler
                0x08005d00                CAN2_RX1_IRQHandler
                0x08005d00                EXTI3_IRQHandler
                0x08005d00                TIM8_TRG_COM_TIM14_IRQHandler
                0x08005d00                TIM1_UP_TIM10_IRQHandler
                0x08005d00                TIM8_UP_TIM13_IRQHandler
                0x08005d00                I2C3_ER_IRQHandler
                0x08005d00                FMPI2C1_Event_IRQHandler
                0x08005d00                EXTI0_IRQHandler
                0x08005d00                I2C2_EV_IRQHandler
                0x08005d00                DMA1_Stream2_IRQHandler
                0x08005d00                CAN1_RX0_IRQHandler
                0x08005d00                FPU_IRQHandler
                0x08005d00                OTG_HS_WKUP_IRQHandler
                0x08005d00                UsageFault_Handler
                0x08005d00                CAN2_SCE_IRQHandler
                0x08005d00                DMA2_Stream2_IRQHandler
                0x08005d00                SPI1_IRQHandler
                0x08005d00                TIM6_DAC_IRQHandler
                0x08005d00                TIM1_BRK_TIM9_IRQHandler
                0x08005d00                DCMI_IRQHandler
                0x08005d00                CAN2_RX0_IRQHandler
                0x08005d00                DMA2_Stream3_IRQHandler
                0x08005d00                SAI2_IRQHandler
                0x08005d00                USART6_IRQHandler
                0x08005d00                CAN1_RX1_IRQHandler
                0x08005d00                UART5_IRQHandler
                0x08005d00                DMA2_Stream0_IRQHandler
                0x08005d00                TIM4_IRQHandler
                0x08005d00                QUADSPI_IRQHandler
                0x08005d00                I2C1_EV_IRQHandler
                0x08005d00                DMA1_Stream6_IRQHandler
                0x08005d00                DMA1_Stream1_IRQHandler
                0x08005d00                UART4_IRQHandler
                0x08005d00                TIM3_IRQHandler
                0x08005d00                RCC_IRQHandler
                0x08005d00                TIM8_BRK_TIM12_IRQHandler
                0x08005d00                Default_Handler
                0x08005d00                CEC_IRQHandler
                0x08005d00                EXTI15_10_IRQHandler
                0x08005d00                ADC_IRQHandler
                0x08005d00                DMA1_Stream7_IRQHandler
                0x08005d00                TIM7_IRQHandler
                0x08005d00                CAN2_TX_IRQHandler
                0x08005d00                TIM5_IRQHandler
                0x08005d00                DMA2_Stream7_IRQHandler
                0x08005d00                I2C3_EV_IRQHandler
                0x08005d00                EXTI9_5_IRQHandler
                0x08005d00                RTC_WKUP_IRQHandler
                0x08005d00                SPDIF_RX_IRQHandler
                0x08005d00                SPI2_IRQHandler
                0x08005d00                OTG_HS_EP1_IN_IRQHandler
                0x08005d00                MemManage_Handler
                0x08005d00                DMA1_Stream0_IRQHandler
                0x08005d00                CAN1_TX_IRQHandler
                0x08005d00                SVC_Handler
                0x08005d00                EXTI4_IRQHandler
                0x08005d00                OTG_HS_EP1_OUT_IRQHandler
                0x08005d00                WWDG_IRQHandler
                0x08005d00                TIM2_IRQHandler
                0x08005d00                OTG_FS_WKUP_IRQHandler
                0x08005d00                TIM1_TRG_COM_TIM11_IRQHandler
                0x08005d00                OTG_HS_IRQHandler
                0x08005d00                EXTI1_IRQHandler
                0x08005d00                USART2_IRQHandler
                0x08005d00                I2C2_ER_IRQHandler
                0x08005d00                DMA2_Stream1_IRQHandler
                0x08005d00                CAN1_SCE_IRQHandler
                0x08005d00                FLASH_IRQHandler
                0x08005d00                DMA2_Stream4_IRQHandler
                0x08005d00                BusFault_Handler
                0x08005d00                OTG_FS_IRQHandler
                0x08005d00                SPI3_IRQHandler
                0x08005d00                DMA1_Stream4_IRQHandler
                0x08005d00                I2C1_ER_IRQHandler
                0x08005d00                FMC_IRQHandler
                0x08005d00                DMA2_Stream6_IRQHandler
                0x08005d00                SAI1_IRQHandler
                0x08005d00                DMA1_Stream3_IRQHandler
                0x08005d00                FMPI2C1_Error_IRQHandler
 .text.atoi     0x08005d02        0x8 c:/program files (x86)/atollic/truestudio for stm32 9.0.1/armtools/bin/../lib/gcc/arm-atollic-eabi/6.3.1/../../../../arm-atollic-eabi/lib/armv7e-m/fpu\libc_nano.a(lib_a-atoi.o)
                0x08005d02                atoi
 *fill*         0x08005d0a        0x2 
 .text.__libc_init_array
                0x08005d0c       0x48 c:/program files (x86)/atollic/truestudio for stm32 9.0.1/armtools/bin/../lib/gcc/arm-atollic-eabi/6.3.1/../../../../arm-atollic-eabi/lib/armv7e-m/fpu\libc_nano.a(lib_a-init.o)
                0x08005d0c                __libc_init_array
 .text.memset   0x08005d54       0x10 c:/program files (x86)/atollic/truestudio for stm32 9.0.1/armtools/bin/../lib/gcc/arm-atollic-eabi/6.3.1/../../../../arm-atollic-eabi/lib/armv7e-m/fpu\libc_nano.a(lib_a-memset.o)
                0x08005d54                memset
 .text._strtol_l.isra.0
                0x08005d64      0x100 c:/program files (x86)/atollic/truestudio for stm32 9.0.1/armtools/bin/../lib/gcc/arm-atollic-eabi/6.3.1/../../../../arm-atollic-eabi/lib/armv7e-m/fpu\libc_nano.a(lib_a-strtol.o)
 .text.strtol   0x08005e64       0x2c c:/program files (x86)/atollic/truestudio for stm32 9.0.1/armtools/bin/../lib/gcc/arm-atollic-eabi/6.3.1/../../../../arm-atollic-eabi/lib/armv7e-m/fpu\libc_nano.a(lib_a-strtol.o)
                0x08005e64                strtol
 .text.__locale_ctype_ptr_l
                0x08005e90        0x6 c:/program files (x86)/atollic/truestudio for stm32 9.0.1/armtools/bin/../lib/gcc/arm-atollic-eabi/6.3.1/../../../../arm-atollic-eabi/lib/armv7e-m/fpu\libc_nano.a(lib_a-locale.o)
                0x08005e90                __locale_ctype_ptr_l
 .text.__ascii_mbtowc
                0x08005e96       0x24 c:/program files (x86)/atollic/truestudio for stm32 9.0.1/armtools/bin/../lib/gcc/arm-atollic-eabi/6.3.1/../../../../arm-atollic-eabi/lib/armv7e-m/fpu\libc_nano.a(lib_a-mbtowc_r.o)
                0x08005e96                __ascii_mbtowc
 .text.__ascii_wctomb
                0x08005eba       0x1a c:/program files (x86)/atollic/truestudio for stm32 9.0.1/armtools/bin/../lib/gcc/arm-atollic-eabi/6.3.1/../../../../arm-atollic-eabi/lib/armv7e-m/fpu\libc_nano.a(lib_a-wctomb_r.o)
                0x08005eba                __ascii_wctomb
 *fill*         0x08005ed4        0x4 
 .text.atan     0x08005ed8      0x350 c:/program files (x86)/atollic/truestudio for stm32 9.0.1/armtools/bin/../lib/gcc/arm-atollic-eabi/6.3.1/../../../../arm-atollic-eabi/lib/armv7e-m/fpu\libm.a(lib_a-s_atan.o)
                0x08005ed8                atan
 .text.fabs     0x08006228        0xe c:/program files (x86)/atollic/truestudio for stm32 9.0.1/armtools/bin/../lib/gcc/arm-atollic-eabi/6.3.1/../../../../arm-atollic-eabi/lib/armv7e-m/fpu\libm.a(lib_a-s_fabs.o)
                0x08006228                fabs
 *fill*         0x08006236        0x2 
 .text.cosf     0x08006238       0x80 c:/program files (x86)/atollic/truestudio for stm32 9.0.1/armtools/bin/../lib/gcc/arm-atollic-eabi/6.3.1/../../../../arm-atollic-eabi/lib/armv7e-m/fpu\libm.a(lib_a-sf_cos.o)
                0x08006238                cosf
 .text.sinf     0x080062b8       0x84 c:/program files (x86)/atollic/truestudio for stm32 9.0.1/armtools/bin/../lib/gcc/arm-atollic-eabi/6.3.1/../../../../arm-atollic-eabi/lib/armv7e-m/fpu\libm.a(lib_a-sf_sin.o)
                0x080062b8                sinf
 .text.atan2    0x0800633c        0x4 c:/program files (x86)/atollic/truestudio for stm32 9.0.1/armtools/bin/../lib/gcc/arm-atollic-eabi/6.3.1/../../../../arm-atollic-eabi/lib/armv7e-m/fpu\libm.a(lib_a-w_atan2.o)
                0x0800633c                atan2
 .text.sqrt     0x08006340       0xb4 c:/program files (x86)/atollic/truestudio for stm32 9.0.1/armtools/bin/../lib/gcc/arm-atollic-eabi/6.3.1/../../../../arm-atollic-eabi/lib/armv7e-m/fpu\libm.a(lib_a-w_sqrt.o)
                0x08006340                sqrt
 .text.asinf    0x080063f4       0xb0 c:/program files (x86)/atollic/truestudio for stm32 9.0.1/armtools/bin/../lib/gcc/arm-atollic-eabi/6.3.1/../../../../arm-atollic-eabi/lib/armv7e-m/fpu\libm.a(lib_a-wf_asin.o)
                0x080063f4                asinf
 .text.atan2f   0x080064a4        0x4 c:/program files (x86)/atollic/truestudio for stm32 9.0.1/armtools/bin/../lib/gcc/arm-atollic-eabi/6.3.1/../../../../arm-atollic-eabi/lib/armv7e-m/fpu\libm.a(lib_a-wf_atan2.o)
                0x080064a4                atan2f
 .text.__ieee754_atan2
                0x080064a8      0x1b4 c:/program files (x86)/atollic/truestudio for stm32 9.0.1/armtools/bin/../lib/gcc/arm-atollic-eabi/6.3.1/../../../../arm-atollic-eabi/lib/armv7e-m/fpu\libm.a(lib_a-e_atan2.o)
                0x080064a8                __ieee754_atan2
 .text.__ieee754_sqrt
                0x0800665c      0x160 c:/program files (x86)/atollic/truestudio for stm32 9.0.1/armtools/bin/../lib/gcc/arm-atollic-eabi/6.3.1/../../../../arm-atollic-eabi/lib/armv7e-m/fpu\libm.a(lib_a-e_sqrt.o)
                0x0800665c                __ieee754_sqrt
 .text.__ieee754_asinf
                0x080067bc      0x1d0 c:/program files (x86)/atollic/truestudio for stm32 9.0.1/armtools/bin/../lib/gcc/arm-atollic-eabi/6.3.1/../../../../arm-atollic-eabi/lib/armv7e-m/fpu\libm.a(lib_a-ef_asin.o)
                0x080067bc                __ieee754_asinf
 .text.__ieee754_atan2f
                0x0800698c      0x15c c:/program files (x86)/atollic/truestudio for stm32 9.0.1/armtools/bin/../lib/gcc/arm-atollic-eabi/6.3.1/../../../../arm-atollic-eabi/lib/armv7e-m/fpu\libm.a(lib_a-ef_atan2.o)
                0x0800698c                __ieee754_atan2f
 .text.__ieee754_rem_pio2f
                0x08006ae8      0x258 c:/program files (x86)/atollic/truestudio for stm32 9.0.1/armtools/bin/../lib/gcc/arm-atollic-eabi/6.3.1/../../../../arm-atollic-eabi/lib/armv7e-m/fpu\libm.a(lib_a-ef_rem_pio2.o)
                0x08006ae8                __ieee754_rem_pio2f
 .text.__ieee754_sqrtf
                0x08006d40       0x8e c:/program files (x86)/atollic/truestudio for stm32 9.0.1/armtools/bin/../lib/gcc/arm-atollic-eabi/6.3.1/../../../../arm-atollic-eabi/lib/armv7e-m/fpu\libm.a(lib_a-ef_sqrt.o)
                0x08006d40                __ieee754_sqrtf
 *fill*         0x08006dce        0x2 
 .text.__kernel_cosf
                0x08006dd0       0xbc c:/program files (x86)/atollic/truestudio for stm32 9.0.1/armtools/bin/../lib/gcc/arm-atollic-eabi/6.3.1/../../../../arm-atollic-eabi/lib/armv7e-m/fpu\libm.a(lib_a-kf_cos.o)
                0x08006dd0                __kernel_cosf
 .text.__kernel_rem_pio2f
                0x08006e8c      0x4bc c:/program files (x86)/atollic/truestudio for stm32 9.0.1/armtools/bin/../lib/gcc/arm-atollic-eabi/6.3.1/../../../../arm-atollic-eabi/lib/armv7e-m/fpu\libm.a(lib_a-kf_rem_pio2.o)
                0x08006e8c                __kernel_rem_pio2f
 .text.__kernel_sinf
                0x08007348       0x90 c:/program files (x86)/atollic/truestudio for stm32 9.0.1/armtools/bin/../lib/gcc/arm-atollic-eabi/6.3.1/../../../../arm-atollic-eabi/lib/armv7e-m/fpu\libm.a(lib_a-kf_sin.o)
                0x08007348                __kernel_sinf
 .text.matherr  0x080073d8        0x4 c:/program files (x86)/atollic/truestudio for stm32 9.0.1/armtools/bin/../lib/gcc/arm-atollic-eabi/6.3.1/../../../../arm-atollic-eabi/lib/armv7e-m/fpu\libm.a(lib_a-s_matherr.o)
                0x080073d8                matherr
 *fill*         0x080073dc        0x4 
 .text.nan      0x080073e0       0x10 c:/program files (x86)/atollic/truestudio for stm32 9.0.1/armtools/bin/../lib/gcc/arm-atollic-eabi/6.3.1/../../../../arm-atollic-eabi/lib/armv7e-m/fpu\libm.a(lib_a-s_nan.o)
                0x080073e0                nan
 .text.atanf    0x080073f0      0x1a4 c:/program files (x86)/atollic/truestudio for stm32 9.0.1/armtools/bin/../lib/gcc/arm-atollic-eabi/6.3.1/../../../../arm-atollic-eabi/lib/armv7e-m/fpu\libm.a(lib_a-sf_atan.o)
                0x080073f0                atanf
 .text.fabsf    0x08007594        0xe c:/program files (x86)/atollic/truestudio for stm32 9.0.1/armtools/bin/../lib/gcc/arm-atollic-eabi/6.3.1/../../../../arm-atollic-eabi/lib/armv7e-m/fpu\libm.a(lib_a-sf_fabs.o)
                0x08007594                fabsf
 *fill*         0x080075a2        0x2 
 .text.floorf   0x080075a4       0x84 c:/program files (x86)/atollic/truestudio for stm32 9.0.1/armtools/bin/../lib/gcc/arm-atollic-eabi/6.3.1/../../../../arm-atollic-eabi/lib/armv7e-m/fpu\libm.a(lib_a-sf_floor.o)
                0x080075a4                floorf
 .text.scalbnf  0x08007628       0xc0 c:/program files (x86)/atollic/truestudio for stm32 9.0.1/armtools/bin/../lib/gcc/arm-atollic-eabi/6.3.1/../../../../arm-atollic-eabi/lib/armv7e-m/fpu\libm.a(lib_a-sf_scalbn.o)
                0x08007628                scalbnf
 .text.copysignf
                0x080076e8       0x18 c:/program files (x86)/atollic/truestudio for stm32 9.0.1/armtools/bin/../lib/gcc/arm-atollic-eabi/6.3.1/../../../../arm-atollic-eabi/lib/armv7e-m/fpu\libm.a(lib_a-sf_copysign.o)
                0x080076e8                copysignf
 .text.__errno  0x08007700        0xc c:/program files (x86)/atollic/truestudio for stm32 9.0.1/armtools/bin/../lib/gcc/arm-atollic-eabi/6.3.1/../../../../arm-atollic-eabi/lib/armv7e-m/fpu\libc_nano.a(lib_a-errno.o)
                0x08007700                __errno
 *(.glue_7)
 .glue_7        0x0800770c        0x0 linker stubs
 *(.glue_7t)
 .glue_7t       0x0800770c        0x0 linker stubs
 *(.eh_frame)
 .eh_frame      0x0800770c        0x0 c:/program files (x86)/atollic/truestudio for stm32 9.0.1/armtools/bin/../lib/gcc/arm-atollic-eabi/6.3.1/armv7e-m/fpu/crtbegin.o
 *(.init)
 .init          0x0800770c        0x4 c:/program files (x86)/atollic/truestudio for stm32 9.0.1/armtools/bin/../lib/gcc/arm-atollic-eabi/6.3.1/armv7e-m/fpu/crti.o
                0x0800770c                _init
 .init          0x08007710        0x8 c:/program files (x86)/atollic/truestudio for stm32 9.0.1/armtools/bin/../lib/gcc/arm-atollic-eabi/6.3.1/armv7e-m/fpu/crtn.o
 *(.fini)
 .fini          0x08007718        0x4 c:/program files (x86)/atollic/truestudio for stm32 9.0.1/armtools/bin/../lib/gcc/arm-atollic-eabi/6.3.1/armv7e-m/fpu/crti.o
                0x08007718                _fini
 .fini          0x0800771c        0x8 c:/program files (x86)/atollic/truestudio for stm32 9.0.1/armtools/bin/../lib/gcc/arm-atollic-eabi/6.3.1/armv7e-m/fpu/crtn.o
                0x08007724                . = ALIGN (0x4)
                0x08007724                _etext = .

.vfp11_veneer   0x08007724        0x0
 .vfp11_veneer  0x08007724        0x0 linker stubs

.v4_bx          0x08007724        0x0
 .v4_bx         0x08007724        0x0 linker stubs

.iplt           0x08007724        0x0
 .iplt          0x08007724        0x0 c:/program files (x86)/atollic/truestudio for stm32 9.0.1/armtools/bin/../lib/gcc/arm-atollic-eabi/6.3.1/armv7e-m/fpu/crtbegin.o

.rodata         0x08007728      0x594
                0x08007728                . = ALIGN (0x4)
 *(.rodata)
 *(.rodata*)
 .rodata.term_complete.str1.1
                0x08007728        0xc Inc\My_Src\TinyGPS.o
 .rodata.MX_I2C1_Init.str1.1
                0x08007734        0xd Src\i2c.o
 .rodata.AHBPrescTable
                0x08007741       0x10 Src\system_stm32f4xx.o
                0x08007741                AHBPrescTable
 .rodata.APBPrescTable
                0x08007751        0x8 Src\system_stm32f4xx.o
                0x08007751                APBPrescTable
 .rodata.MX_TIM10_Init.str1.1
                0x08007759        0xd Src\tim.o
 .rodata.MX_USART1_UART_Init.str1.1
                0x08007766        0xf Src\usart.o
 .rodata._setlocale_r.str1.1
                0x08007775        0x6 c:/program files (x86)/atollic/truestudio for stm32 9.0.1/armtools/bin/../lib/gcc/arm-atollic-eabi/6.3.1/../../../../arm-atollic-eabi/lib/armv7e-m/fpu\libc_nano.a(lib_a-locale.o)
                                  0x9 (size before relaxing)
 .rodata.str1.1
                0x0800777b        0x2 c:/program files (x86)/atollic/truestudio for stm32 9.0.1/armtools/bin/../lib/gcc/arm-atollic-eabi/6.3.1/../../../../arm-atollic-eabi/lib/armv7e-m/fpu\libc_nano.a(lib_a-locale.o)
 .rodata._ctype_
                0x0800777d      0x101 c:/program files (x86)/atollic/truestudio for stm32 9.0.1/armtools/bin/../lib/gcc/arm-atollic-eabi/6.3.1/../../../../arm-atollic-eabi/lib/armv7e-m/fpu\libc_nano.a(lib_a-ctype_.o)
                0x0800777d                _ctype_
 *fill*         0x0800787e        0x2 
 .rodata.atanhi
                0x08007880       0x20 c:/program files (x86)/atollic/truestudio for stm32 9.0.1/armtools/bin/../lib/gcc/arm-atollic-eabi/6.3.1/../../../../arm-atollic-eabi/lib/armv7e-m/fpu\libm.a(lib_a-s_atan.o)
 .rodata.atanlo
                0x080078a0       0x20 c:/program files (x86)/atollic/truestudio for stm32 9.0.1/armtools/bin/../lib/gcc/arm-atollic-eabi/6.3.1/../../../../arm-atollic-eabi/lib/armv7e-m/fpu\libm.a(lib_a-s_atan.o)
 .rodata.sqrt.str1.1
                0x080078c0        0x5 c:/program files (x86)/atollic/truestudio for stm32 9.0.1/armtools/bin/../lib/gcc/arm-atollic-eabi/6.3.1/../../../../arm-atollic-eabi/lib/armv7e-m/fpu\libm.a(lib_a-w_sqrt.o)
 .rodata.asinf.str1.1
                0x080078c5        0x6 c:/program files (x86)/atollic/truestudio for stm32 9.0.1/armtools/bin/../lib/gcc/arm-atollic-eabi/6.3.1/../../../../arm-atollic-eabi/lib/armv7e-m/fpu\libm.a(lib_a-wf_asin.o)
                                  0x7 (size before relaxing)
 *fill*         0x080078cb        0x1 
 .rodata.npio2_hw
                0x080078cc       0x80 c:/program files (x86)/atollic/truestudio for stm32 9.0.1/armtools/bin/../lib/gcc/arm-atollic-eabi/6.3.1/../../../../arm-atollic-eabi/lib/armv7e-m/fpu\libm.a(lib_a-ef_rem_pio2.o)
 .rodata.two_over_pi
                0x0800794c      0x318 c:/program files (x86)/atollic/truestudio for stm32 9.0.1/armtools/bin/../lib/gcc/arm-atollic-eabi/6.3.1/../../../../arm-atollic-eabi/lib/armv7e-m/fpu\libm.a(lib_a-ef_rem_pio2.o)
 .rodata.PIo2   0x08007c64       0x2c c:/program files (x86)/atollic/truestudio for stm32 9.0.1/armtools/bin/../lib/gcc/arm-atollic-eabi/6.3.1/../../../../arm-atollic-eabi/lib/armv7e-m/fpu\libm.a(lib_a-kf_rem_pio2.o)
 .rodata.init_jk
                0x08007c90        0xc c:/program files (x86)/atollic/truestudio for stm32 9.0.1/armtools/bin/../lib/gcc/arm-atollic-eabi/6.3.1/../../../../arm-atollic-eabi/lib/armv7e-m/fpu\libm.a(lib_a-kf_rem_pio2.o)
 .rodata.atanhi
                0x08007c9c       0x10 c:/program files (x86)/atollic/truestudio for stm32 9.0.1/armtools/bin/../lib/gcc/arm-atollic-eabi/6.3.1/../../../../arm-atollic-eabi/lib/armv7e-m/fpu\libm.a(lib_a-sf_atan.o)
 .rodata.atanlo
                0x08007cac       0x10 c:/program files (x86)/atollic/truestudio for stm32 9.0.1/armtools/bin/../lib/gcc/arm-atollic-eabi/6.3.1/../../../../arm-atollic-eabi/lib/armv7e-m/fpu\libm.a(lib_a-sf_atan.o)
                0x08007cbc                . = ALIGN (0x4)

.ARM.extab
 *(.ARM.extab* .gnu.linkonce.armextab.*)

.ARM            0x08007cbc        0x8
                0x08007cbc                __exidx_start = .
 *(.ARM.exidx*)
 .ARM.exidx     0x08007cbc        0x8 c:/program files (x86)/atollic/truestudio for stm32 9.0.1/armtools/bin/../lib/gcc/arm-atollic-eabi/6.3.1/armv7e-m/fpu\libgcc.a(_udivmoddi4.o)
                0x08007cc4                __exidx_end = .

.rel.dyn        0x08007cc4        0x0
 .rel.iplt      0x08007cc4        0x0 c:/program files (x86)/atollic/truestudio for stm32 9.0.1/armtools/bin/../lib/gcc/arm-atollic-eabi/6.3.1/armv7e-m/fpu/crtbegin.o

.preinit_array  0x08007cc4        0x0
                0x08007cc4                PROVIDE (__preinit_array_start, .)
 *(.preinit_array*)
                0x08007cc4                PROVIDE (__preinit_array_end, .)

.init_array     0x08007cc4        0x4
                0x08007cc4                PROVIDE (__init_array_start, .)
 *(SORT(.init_array.*))
 *(.init_array*)
 .init_array    0x08007cc4        0x4 c:/program files (x86)/atollic/truestudio for stm32 9.0.1/armtools/bin/../lib/gcc/arm-atollic-eabi/6.3.1/armv7e-m/fpu/crtbegin.o
                0x08007cc8                PROVIDE (__init_array_end, .)

.fini_array     0x08007cc8        0x4
                [!provide]                PROVIDE (__fini_array_start, .)
 *(SORT(.fini_array.*))
 *(.fini_array*)
 .fini_array    0x08007cc8        0x4 c:/program files (x86)/atollic/truestudio for stm32 9.0.1/armtools/bin/../lib/gcc/arm-atollic-eabi/6.3.1/armv7e-m/fpu/crtbegin.o
                [!provide]                PROVIDE (__fini_array_end, .)
                0x08007ccc                _sidata = LOADADDR (.data)

.data           0x20000000      0x25c load address 0x08007ccc
                0x20000000                . = ALIGN (0x4)
                0x20000000                _sdata = .
 *(.data)
 *(.data*)
 .data.uwTickFreq
                0x20000000        0x1 Drivers\STM32F4xx_HAL_Driver\Src\stm32f4xx_hal.o
                0x20000000                uwTickFreq
 *fill*         0x20000001        0x3 
 .data.uwTickPrio
                0x20000004        0x4 Drivers\STM32F4xx_HAL_Driver\Src\stm32f4xx_hal.o
                0x20000004                uwTickPrio
 .data.dt       0x20000008        0x4 Inc\My_Src\my_Control_lib.o
                0x20000008                dt
 .data.cammand  0x2000000c        0x3 Inc\My_Src\my_GY_86_lib.o
                0x2000000c                cammand
 *fill*         0x2000000f        0x1 
 .data.p_flag   0x20000010        0x4 Inc\My_Src\my_GY_86_lib.o
                0x20000010                p_flag
 .data.PID_Pitch_Kd
                0x20000014        0x4 Inc\My_Src\my_PIDControl.o
                0x20000014                PID_Pitch_Kd
 .data.PID_Pitch_Ki
                0x20000018        0x4 Inc\My_Src\my_PIDControl.o
                0x20000018                PID_Pitch_Ki
 .data.PID_Pitch_Kp
                0x2000001c        0x4 Inc\My_Src\my_PIDControl.o
                0x2000001c                PID_Pitch_Kp
 .data.PID_Pitch_Rate_Kd
                0x20000020        0x4 Inc\My_Src\my_PIDControl.o
                0x20000020                PID_Pitch_Rate_Kd
 .data.PID_Pitch_Rate_Kp
                0x20000024        0x4 Inc\My_Src\my_PIDControl.o
                0x20000024                PID_Pitch_Rate_Kp
 .data.PID_Roll_Kd
                0x20000028        0x4 Inc\My_Src\my_PIDControl.o
                0x20000028                PID_Roll_Kd
 .data.PID_Roll_Ki
                0x2000002c        0x4 Inc\My_Src\my_PIDControl.o
                0x2000002c                PID_Roll_Ki
 .data.PID_Roll_Kp
                0x20000030        0x4 Inc\My_Src\my_PIDControl.o
                0x20000030                PID_Roll_Kp
 .data.PID_Roll_Rate_Kd
                0x20000034        0x4 Inc\My_Src\my_PIDControl.o
                0x20000034                PID_Roll_Rate_Kd
 .data.PID_Roll_Rate_Kp
                0x20000038        0x4 Inc\My_Src\my_PIDControl.o
                0x20000038                PID_Roll_Rate_Kp
 .data.PID_Thrust_Kd
                0x2000003c        0x4 Inc\My_Src\my_PIDControl.o
                0x2000003c                PID_Thrust_Kd
 .data.PID_Thrust_Ki
                0x20000040        0x4 Inc\My_Src\my_PIDControl.o
                0x20000040                PID_Thrust_Ki
 .data.PID_Thrust_Kp
                0x20000044        0x4 Inc\My_Src\my_PIDControl.o
                0x20000044                PID_Thrust_Kp
 .data.PID_Yaw_Kd
                0x20000048        0x4 Inc\My_Src\my_PIDControl.o
                0x20000048                PID_Yaw_Kd
 .data.PID_Yaw_Kp
                0x2000004c        0x4 Inc\My_Src\my_PIDControl.o
                0x2000004c                PID_Yaw_Kp
 .data.PID_Yaw_Rate_Kd
                0x20000050        0x4 Inc\My_Src\my_PIDControl.o
                0x20000050                PID_Yaw_Rate_Kd
 .data.PID_Yaw_Rate_Ki
                0x20000054        0x4 Inc\My_Src\my_PIDControl.o
                0x20000054                PID_Yaw_Rate_Ki
 .data.PID_Yaw_Rate_Kp
                0x20000058        0x4 Inc\My_Src\my_PIDControl.o
                0x20000058                PID_Yaw_Rate_Kp
 .data.q0       0x2000005c        0x4 Inc\My_Src\my_Sensor_calc.o
                0x2000005c                q0
 .data.twoKp    0x20000060        0x4 Inc\My_Src\my_Sensor_calc.o
                0x20000060                twoKp
 .data.calc_T1  0x20000064        0x4 Inc\My_Src\s_busProtocol.o
                0x20000064                calc_T1
 .data.calc_T2  0x20000068        0x4 Inc\My_Src\s_busProtocol.o
                0x20000068                calc_T2
 .data.calc_T3  0x2000006c        0x4 Inc\My_Src\s_busProtocol.o
                0x2000006c                calc_T3
 .data.calc_T4  0x20000070        0x4 Inc\My_Src\s_busProtocol.o
                0x20000070                calc_T4
 .data.calc_T5  0x20000074        0x4 Inc\My_Src\s_busProtocol.o
                0x20000074                calc_T5
 .data.calc_T6  0x20000078        0x4 Inc\My_Src\s_busProtocol.o
                0x20000078                calc_T6
 .data.calc_T7  0x2000007c        0x4 Inc\My_Src\s_busProtocol.o
                0x2000007c                calc_T7
 .data.calc_T8  0x20000080        0x4 Inc\My_Src\s_busProtocol.o
                0x20000080                calc_T8
 .data.SystemCoreClock
                0x20000084        0x4 Src\system_stm32f4xx.o
                0x20000084                SystemCoreClock
 .data._impure_ptr
                0x20000088        0x4 c:/program files (x86)/atollic/truestudio for stm32 9.0.1/armtools/bin/../lib/gcc/arm-atollic-eabi/6.3.1/../../../../arm-atollic-eabi/lib/armv7e-m/fpu\libc_nano.a(lib_a-impure.o)
                0x20000088                _impure_ptr
 .data.impure_data
                0x2000008c       0x60 c:/program files (x86)/atollic/truestudio for stm32 9.0.1/armtools/bin/../lib/gcc/arm-atollic-eabi/6.3.1/../../../../arm-atollic-eabi/lib/armv7e-m/fpu\libc_nano.a(lib_a-impure.o)
 .data.__global_locale
                0x200000ec      0x16c c:/program files (x86)/atollic/truestudio for stm32 9.0.1/armtools/bin/../lib/gcc/arm-atollic-eabi/6.3.1/../../../../arm-atollic-eabi/lib/armv7e-m/fpu\libc_nano.a(lib_a-locale.o)
                0x200000ec                __global_locale
 .data.__fdlib_version
                0x20000258        0x1 c:/program files (x86)/atollic/truestudio for stm32 9.0.1/armtools/bin/../lib/gcc/arm-atollic-eabi/6.3.1/../../../../arm-atollic-eabi/lib/armv7e-m/fpu\libm.a(lib_a-s_lib_ver.o)
                0x20000258                __fdlib_version
                0x2000025c                . = ALIGN (0x4)
 *fill*         0x20000259        0x3 
                0x2000025c                _edata = .

.igot.plt       0x2000025c        0x0 load address 0x08007f28
 .igot.plt      0x2000025c        0x0 c:/program files (x86)/atollic/truestudio for stm32 9.0.1/armtools/bin/../lib/gcc/arm-atollic-eabi/6.3.1/armv7e-m/fpu/crtbegin.o
                0x2000025c                . = ALIGN (0x4)

.bss            0x20000260      0xe34 load address 0x08007f28
                0x20000260                _sbss = .
                0x20000260                __bss_start__ = _sbss
 *(.bss)
 .bss           0x20000260       0x1c c:/program files (x86)/atollic/truestudio for stm32 9.0.1/armtools/bin/../lib/gcc/arm-atollic-eabi/6.3.1/armv7e-m/fpu/crtbegin.o
 *(.bss*)
 .bss.Command_Pitch
                0x2000027c        0x4 Inc\My_Src\my_Control_lib.o
                0x2000027c                Command_Pitch
 .bss.Command_Roll
                0x20000280        0x4 Inc\My_Src\my_Control_lib.o
                0x20000280                Command_Roll
 .bss.Command_Yaw
                0x20000284        0x4 Inc\My_Src\my_Control_lib.o
                0x20000284                Command_Yaw
 .bss.S_flag    0x20000288        0x4 Inc\My_Src\my_Control_lib.o
                0x20000288                S_flag
 .bss.PID_Pitch_Rate_Ki
                0x2000028c        0x4 Inc\My_Src\my_PIDControl.o
                0x2000028c                PID_Pitch_Rate_Ki
 .bss.PID_Roll_Rate_Ki
                0x20000290        0x4 Inc\My_Src\my_PIDControl.o
                0x20000290                PID_Roll_Rate_Ki
 .bss.PID_Yaw_Ki
                0x20000294        0x4 Inc\My_Src\my_PIDControl.o
                0x20000294                PID_Yaw_Ki
 .bss.integralFBx
                0x20000298        0x4 Inc\My_Src\my_Sensor_calc.o
                0x20000298                integralFBx
 .bss.integralFBy
                0x2000029c        0x4 Inc\My_Src\my_Sensor_calc.o
                0x2000029c                integralFBy
 .bss.integralFBz
                0x200002a0        0x4 Inc\My_Src\my_Sensor_calc.o
                0x200002a0                integralFBz
 .bss.q1        0x200002a4        0x4 Inc\My_Src\my_Sensor_calc.o
                0x200002a4                q1
 .bss.q2        0x200002a8        0x4 Inc\My_Src\my_Sensor_calc.o
                0x200002a8                q2
 .bss.q3        0x200002ac        0x4 Inc\My_Src\my_Sensor_calc.o
                0x200002ac                q3
 .bss.twoKi     0x200002b0        0x4 Inc\My_Src\my_Sensor_calc.o
                0x200002b0                twoKi
 .bss.coundt1   0x200002b4        0x4 Inc\My_Src\my_receiver_lib.o
                0x200002b4                coundt1
 .bss.res_flag  0x200002b8        0x4 Inc\My_Src\my_receiver_lib.o
                0x200002b8                res_flag
 .bss.rx_Cnt    0x200002bc        0x4 Inc\My_Src\my_receiver_lib.o
                0x200002bc                rx_Cnt
 *(COMMON)
 COMMON         0x200002c0        0x4 Drivers\STM32F4xx_HAL_Driver\Src\stm32f4xx_hal.o
                0x200002c0                uwTick
 COMMON         0x200002c4       0x1c Inc\My_Src\Complementary_Filter.o
                0x200002c4                GyroYangle
                0x200002c8                CPitch
                0x200002cc                CYaw
                0x200002d0                AccXangle
                0x200002d4                CRoll
                0x200002d8                AccYangle
                0x200002dc                GyroXangle
 COMMON         0x200002e0      0x80c Inc\My_Src\GPS.o
                0x200002e0                temp_data
                0x200006e0                longitude
                0x200006e4                gps_data
                0x20000ae4                fix_age
                0x20000ae8                latitude
 COMMON         0x20000aec       0x28 Inc\My_Src\LPF.o
                0x20000aec                PreRateYawD
                0x20000af0                Pre_Gyro
                0x20000afc                Sdt
                0x20000b00                PreRateRollD
                0x20000b04                Pre_Accel
                0x20000b10                PreRatePitchD
 COMMON         0x20000b14       0x7a Inc\My_Src\TinyGPS.o
                0x20000b14                _date
                0x20000b18                _sentence_type
                0x20000b19                _term
                0x20000b28                _altitude
                0x20000b2c                _new_course
                0x20000b30                _new_latitude
                0x20000b34                _speed
                0x20000b38                _last_time_fix
                0x20000b3c                _new_time_fix
                0x20000b40                _passed_checksum
                0x20000b44                _course
                0x20000b48                _term_offset
                0x20000b49                _gps_data_good
                0x20000b4c                _new_hdop
                0x20000b50                _good_sentences
                0x20000b54                _encoded_characters
                0x20000b58                _new_time
                0x20000b5c                _new_longitude
                0x20000b60                _time
                0x20000b64                _is_checksum_term
                0x20000b66                _failed_checksum
                0x20000b68                _new_date
                0x20000b6c                _new_position_fix
                0x20000b70                _last_position_fix
                0x20000b74                _new_speed
                0x20000b78                _hdop
                0x20000b7c                _longitude
                0x20000b80                _latitude
                0x20000b84                _new_altitude
                0x20000b88                _new_numsats
                0x20000b8a                _numsats
                0x20000b8c                _term_number
                0x20000b8d                _parity
 *fill*         0x20000b8e        0x2 
 COMMON         0x20000b90       0x68 Inc\My_Src\my_Control_lib.o
                0x20000b90                Yaw
                0x20000b94                YawRate
                0x20000b98                Roll
                0x20000b9c                S1
                0x20000ba0                sc
                0x20000ba4                Mage
                0x20000bb0                actuatorYaw
                0x20000bb2                actuatorThrust
                0x20000bb4                RollRate
                0x20000bb8                PitchRate
                0x20000bbc                Accel
                0x20000bc8                sb
                0x20000bcc                actuatorRoll
                0x20000bd0                dt_E
                0x20000bd4                Thrust
                0x20000bd8                actuatorPitch
                0x20000bdc                Gyro
                0x20000be8                cnt_t
                0x20000bec                sa
                0x20000bf0                Pitch
                0x20000bf4                commandaltitude
 COMMON         0x20000bf8       0xd0 Inc\My_Src\my_GY_86_lib.o
                0x20000bf8                OFF2
                0x20000c00                T2
                0x20000c08                TREF
                0x20000c0c                Base_Gyro_X
                0x20000c10                OFF
                0x20000c18                Accel_Z
                0x20000c1c                Temperature
                0x20000c20                SENS
                0x20000c28                mag_mx
                0x20000c2c                Magnet_Y
                0x20000c30                Base_Accel_X
                0x20000c34                OFF_t1
                0x20000c38                mag_lx
                0x20000c3c                Accel_X
                0x20000c40                Base_Accel_Z
                0x20000c44                Base_Mage_Y
                0x20000c48                TCS
                0x20000c4c                TEMP
                0x20000c50                Base_Angle
                0x20000c54                Base_Mage_Z
                0x20000c58                D_TEMPER
                0x20000c60                SENS2
                0x20000c68                Gyro_Z
                0x20000c6c                D_PRESS
                0x20000c70                offset_x
                0x20000c74                mag_ly
                0x20000c78                Magnet_Z
                0x20000c7c                base_Pressure
                0x20000c80                Base_Mage_X
                0x20000c84                TCO
                0x20000c88                Accel_Y
                0x20000c8c                Magnet_X
                0x20000c90                d_T
                0x20000c94                SENS_t1
                0x20000c98                Base_Gyro_Y
                0x20000c9c                Base_Accel_Y
                0x20000ca0                Pressure
                0x20000ca4                TEMPSENS
                0x20000ca8                Gyro_Y
                0x20000cac                commandA
                0x20000cb0                MagAngle
                0x20000cb4                Heading
                0x20000cb8                Base_Gyro_Z
                0x20000cbc                offset_y
                0x20000cc0                Gyro_X
                0x20000cc4                mag_my
 COMMON         0x20000cc8       0x40 Inc\My_Src\my_MotorControl_lib.o
                0x20000cc8                Moter4
                0x20000ccc                CCnt
                0x20000cd0                E2CNT
                0x20000cd4                Moter1
                0x20000cd8                E1CNT
                0x20000cdc                LMoter4
                0x20000ce0                M_cnt
                0x20000ce4                LMoter2
                0x20000ce8                Moter3
                0x20000cec                E3CNT
                0x20000cf0                LMoter3
                0x20000cf4                Moter2
                0x20000cf8                LMoter1
                0x20000cfc                E4CNT
                0x20000d00                LThrost
                0x20000d04                E5CNT
 COMMON         0x20000d08      0x148 Inc\My_Src\my_PIDControl.o
                0x20000d08                R_CNT
                0x20000d0c                pidRoll
                0x20000d38                RollOut_E
                0x20000d3a                yawOutput
                0x20000d3c                pitchOutput
                0x20000d40                pidYawRate
                0x20000d6c                pidThrust
                0x20000d98                rollOutput
                0x20000d9a                rollOut_last
                0x20000d9c                pidPitchRate
                0x20000dc8                pidPitch
                0x20000df4                pidRollRate
                0x20000e20                ThrustOut
                0x20000e24                pidYaw
 COMMON         0x20000e50       0x18 Inc\My_Src\my_Sensor_calc.o
                0x20000e50                Yh
                0x20000e58                Yaw_l
                0x20000e5c                Yaw_t
                0x20000e60                Xh
 COMMON         0x20000e68       0x88 Inc\My_Src\my_receiver_lib.o
                0x20000e68                sample9
                0x20000e69                sample16
                0x20000e6a                sample7
                0x20000e6b                S_data
                0x20000e84                Sb
                0x20000e88                throtle
                0x20000e8a                sample4
                0x20000e8b                sample0
                0x20000e8c                sample21
                0x20000e8d                sample22
                0x20000e8e                sample24
                0x20000e90                s1
                0x20000e94                sample14
                0x20000e95                sample8
                0x20000e96                sample15
                0x20000e97                sample3
                0x20000e98                Sc
                0x20000e9c                sample17
                0x20000ea0                Sa
                0x20000ea4                sample2
                0x20000ea5                sample12
                0x20000ea6                RxBuffer
                0x20000ebf                sample20
                0x20000ec0                sample19
                0x20000ec1                sample6
                0x20000ec2                sample13
                0x20000ec3                sample1
                0x20000ec4                sample18
                0x20000ec8                yaw
                0x20000ecc                pitch
                0x20000ed0                roll
                0x20000ed4                sample10
                0x20000ed5                sample5
                0x20000ed6                sample11
                0x20000ed7                UTemp_Buffer
                0x20000ee4                start_flag
                0x20000ee8                sample23
                0x20000eec                delay_cnt
 COMMON         0x20000ef0       0x18 Inc\My_Src\s_busProtocol.o
                0x20000ef0                T_S1
                0x20000ef2                T_Throtle
                0x20000ef4                T_Yaw
                0x20000ef6                T_SB
                0x20000ef8                T_SC
                0x20000efa                T_Pitch
                0x20000efc                Start_cnt
                0x20000f00                T_SA
                0x20000f02                T_Roll
                0x20000f04                C_Yaw
 COMMON         0x20000f08       0x54 Src\i2c.o
                0x20000f08                hi2c1
 COMMON         0x20000f5c       0x78 Src\tim.o
                0x20000f5c                htim8
                0x20000f98                htim10
 COMMON         0x20000fd4       0xc0 Src\usart.o
                0x20000fd4                huart3
                0x20001014                huart1
                0x20001054                huart2
                0x20001094                . = ALIGN (0x4)
                0x20001094                _ebss = .
                0x20001094                __bss_end__ = _ebss

._user_heap_stack
                0x20001094      0x600 load address 0x08007f28
                0x20001094                . = ALIGN (0x4)
                [!provide]                PROVIDE (end, .)
                [!provide]                PROVIDE (_end, .)
                0x20001294                . = (. + _Min_Heap_Size)
 *fill*         0x20001094      0x200 
                0x20001694                . = (. + _Min_Stack_Size)
 *fill*         0x20001294      0x400 
                0x20001694                . = ALIGN (0x4)

/DISCARD/
 libc.a(*)
 libm.a(*)
 libgcc.a(*)

.ARM.attributes
                0x00000000       0x30
 *(.ARM.attributes)
 .ARM.attributes
                0x00000000       0x22 c:/program files (x86)/atollic/truestudio for stm32 9.0.1/armtools/bin/../lib/gcc/arm-atollic-eabi/6.3.1/armv7e-m/fpu/crti.o
 .ARM.attributes
                0x00000022       0x34 c:/program files (x86)/atollic/truestudio for stm32 9.0.1/armtools/bin/../lib/gcc/arm-atollic-eabi/6.3.1/armv7e-m/fpu/crtbegin.o
 .ARM.attributes
                0x00000056       0x39 Drivers\STM32F4xx_HAL_Driver\Src\stm32f4xx_hal.o
 .ARM.attributes
                0x0000008f       0x39 Drivers\STM32F4xx_HAL_Driver\Src\stm32f4xx_hal_cortex.o
 .ARM.attributes
                0x000000c8       0x39 Drivers\STM32F4xx_HAL_Driver\Src\stm32f4xx_hal_dma.o
 .ARM.attributes
                0x00000101       0x39 Drivers\STM32F4xx_HAL_Driver\Src\stm32f4xx_hal_gpio.o
 .ARM.attributes
                0x0000013a       0x39 Drivers\STM32F4xx_HAL_Driver\Src\stm32f4xx_hal_i2c.o
 .ARM.attributes
                0x00000173       0x39 Drivers\STM32F4xx_HAL_Driver\Src\stm32f4xx_hal_pwr_ex.o
 .ARM.attributes
                0x000001ac       0x39 Drivers\STM32F4xx_HAL_Driver\Src\stm32f4xx_hal_rcc.o
 .ARM.attributes
                0x000001e5       0x39 Drivers\STM32F4xx_HAL_Driver\Src\stm32f4xx_hal_rcc_ex.o
 .ARM.attributes
                0x0000021e       0x39 Drivers\STM32F4xx_HAL_Driver\Src\stm32f4xx_hal_tim.o
 .ARM.attributes
                0x00000257       0x39 Drivers\STM32F4xx_HAL_Driver\Src\stm32f4xx_hal_tim_ex.o
 .ARM.attributes
                0x00000290       0x39 Drivers\STM32F4xx_HAL_Driver\Src\stm32f4xx_hal_uart.o
 .ARM.attributes
                0x000002c9       0x39 Inc\My_Src\Complementary_Filter.o
 .ARM.attributes
                0x00000302       0x39 Inc\My_Src\GPS.o
 .ARM.attributes
                0x0000033b       0x39 Inc\My_Src\LPF.o
 .ARM.attributes
                0x00000374       0x39 Inc\My_Src\TinyGPS.o
 .ARM.attributes
                0x000003ad       0x39 Inc\My_Src\my_Control_lib.o
 .ARM.attributes
                0x000003e6       0x39 Inc\My_Src\my_GY_86_lib.o
 .ARM.attributes
                0x0000041f       0x39 Inc\My_Src\my_MotorControl_lib.o
 .ARM.attributes
                0x00000458       0x39 Inc\My_Src\my_PIDControl.o
 .ARM.attributes
                0x00000491       0x39 Inc\My_Src\my_PID_lib.o
 .ARM.attributes
                0x000004ca       0x39 Inc\My_Src\my_Sensor_calc.o
 .ARM.attributes
                0x00000503       0x39 Inc\My_Src\my_receiver_lib.o
 .ARM.attributes
                0x0000053c       0x39 Inc\My_Src\s_busProtocol.o
 .ARM.attributes
                0x00000575       0x39 Src\gpio.o
 .ARM.attributes
                0x000005ae       0x39 Src\i2c.o
 .ARM.attributes
                0x000005e7       0x39 Src\main.o
 .ARM.attributes
                0x00000620       0x39 Src\stm32f4xx_hal_msp.o
 .ARM.attributes
                0x00000659       0x39 Src\stm32f4xx_it.o
 .ARM.attributes
                0x00000692       0x39 Src\system_stm32f4xx.o
 .ARM.attributes
                0x000006cb       0x39 Src\tim.o
 .ARM.attributes
                0x00000704       0x39 Src\usart.o
 .ARM.attributes
                0x0000073d       0x21 startup\startup_stm32f446xx.o
 .ARM.attributes
                0x0000075e       0x34 c:/program files (x86)/atollic/truestudio for stm32 9.0.1/armtools/bin/../lib/gcc/arm-atollic-eabi/6.3.1/../../../../arm-atollic-eabi/lib/armv7e-m/fpu\libc_nano.a(lib_a-atoi.o)
 .ARM.attributes
                0x00000792       0x34 c:/program files (x86)/atollic/truestudio for stm32 9.0.1/armtools/bin/../lib/gcc/arm-atollic-eabi/6.3.1/../../../../arm-atollic-eabi/lib/armv7e-m/fpu\libc_nano.a(lib_a-init.o)
 .ARM.attributes
                0x000007c6       0x34 c:/program files (x86)/atollic/truestudio for stm32 9.0.1/armtools/bin/../lib/gcc/arm-atollic-eabi/6.3.1/../../../../arm-atollic-eabi/lib/armv7e-m/fpu\libc_nano.a(lib_a-memset.o)
 .ARM.attributes
                0x000007fa       0x34 c:/program files (x86)/atollic/truestudio for stm32 9.0.1/armtools/bin/../lib/gcc/arm-atollic-eabi/6.3.1/../../../../arm-atollic-eabi/lib/armv7e-m/fpu\libc_nano.a(lib_a-strtol.o)
 .ARM.attributes
                0x0000082e       0x34 c:/program files (x86)/atollic/truestudio for stm32 9.0.1/armtools/bin/../lib/gcc/arm-atollic-eabi/6.3.1/../../../../arm-atollic-eabi/lib/armv7e-m/fpu\libc_nano.a(lib_a-impure.o)
 .ARM.attributes
                0x00000862       0x34 c:/program files (x86)/atollic/truestudio for stm32 9.0.1/armtools/bin/../lib/gcc/arm-atollic-eabi/6.3.1/../../../../arm-atollic-eabi/lib/armv7e-m/fpu\libc_nano.a(lib_a-locale.o)
 .ARM.attributes
                0x00000896       0x34 c:/program files (x86)/atollic/truestudio for stm32 9.0.1/armtools/bin/../lib/gcc/arm-atollic-eabi/6.3.1/../../../../arm-atollic-eabi/lib/armv7e-m/fpu\libc_nano.a(lib_a-mbtowc_r.o)
 .ARM.attributes
                0x000008ca       0x34 c:/program files (x86)/atollic/truestudio for stm32 9.0.1/armtools/bin/../lib/gcc/arm-atollic-eabi/6.3.1/../../../../arm-atollic-eabi/lib/armv7e-m/fpu\libc_nano.a(lib_a-wctomb_r.o)
 .ARM.attributes
                0x000008fe       0x34 c:/program files (x86)/atollic/truestudio for stm32 9.0.1/armtools/bin/../lib/gcc/arm-atollic-eabi/6.3.1/../../../../arm-atollic-eabi/lib/armv7e-m/fpu\libc_nano.a(lib_a-ctype_.o)
 .ARM.attributes
                0x00000932       0x34 c:/program files (x86)/atollic/truestudio for stm32 9.0.1/armtools/bin/../lib/gcc/arm-atollic-eabi/6.3.1/../../../../arm-atollic-eabi/lib/armv7e-m/fpu\libm.a(lib_a-s_atan.o)
 .ARM.attributes
                0x00000966       0x34 c:/program files (x86)/atollic/truestudio for stm32 9.0.1/armtools/bin/../lib/gcc/arm-atollic-eabi/6.3.1/../../../../arm-atollic-eabi/lib/armv7e-m/fpu\libm.a(lib_a-s_fabs.o)
 .ARM.attributes
                0x0000099a       0x34 c:/program files (x86)/atollic/truestudio for stm32 9.0.1/armtools/bin/../lib/gcc/arm-atollic-eabi/6.3.1/../../../../arm-atollic-eabi/lib/armv7e-m/fpu\libm.a(lib_a-sf_cos.o)
 .ARM.attributes
                0x000009ce       0x34 c:/program files (x86)/atollic/truestudio for stm32 9.0.1/armtools/bin/../lib/gcc/arm-atollic-eabi/6.3.1/../../../../arm-atollic-eabi/lib/armv7e-m/fpu\libm.a(lib_a-sf_sin.o)
 .ARM.attributes
                0x00000a02       0x34 c:/program files (x86)/atollic/truestudio for stm32 9.0.1/armtools/bin/../lib/gcc/arm-atollic-eabi/6.3.1/../../../../arm-atollic-eabi/lib/armv7e-m/fpu\libm.a(lib_a-w_atan2.o)
 .ARM.attributes
                0x00000a36       0x34 c:/program files (x86)/atollic/truestudio for stm32 9.0.1/armtools/bin/../lib/gcc/arm-atollic-eabi/6.3.1/../../../../arm-atollic-eabi/lib/armv7e-m/fpu\libm.a(lib_a-w_sqrt.o)
 .ARM.attributes
                0x00000a6a       0x34 c:/program files (x86)/atollic/truestudio for stm32 9.0.1/armtools/bin/../lib/gcc/arm-atollic-eabi/6.3.1/../../../../arm-atollic-eabi/lib/armv7e-m/fpu\libm.a(lib_a-wf_asin.o)
 .ARM.attributes
                0x00000a9e       0x34 c:/program files (x86)/atollic/truestudio for stm32 9.0.1/armtools/bin/../lib/gcc/arm-atollic-eabi/6.3.1/../../../../arm-atollic-eabi/lib/armv7e-m/fpu\libm.a(lib_a-wf_atan2.o)
 .ARM.attributes
                0x00000ad2       0x34 c:/program files (x86)/atollic/truestudio for stm32 9.0.1/armtools/bin/../lib/gcc/arm-atollic-eabi/6.3.1/../../../../arm-atollic-eabi/lib/armv7e-m/fpu\libm.a(lib_a-e_atan2.o)
 .ARM.attributes
                0x00000b06       0x34 c:/program files (x86)/atollic/truestudio for stm32 9.0.1/armtools/bin/../lib/gcc/arm-atollic-eabi/6.3.1/../../../../arm-atollic-eabi/lib/armv7e-m/fpu\libm.a(lib_a-e_sqrt.o)
 .ARM.attributes
                0x00000b3a       0x34 c:/program files (x86)/atollic/truestudio for stm32 9.0.1/armtools/bin/../lib/gcc/arm-atollic-eabi/6.3.1/../../../../arm-atollic-eabi/lib/armv7e-m/fpu\libm.a(lib_a-ef_asin.o)
 .ARM.attributes
                0x00000b6e       0x34 c:/program files (x86)/atollic/truestudio for stm32 9.0.1/armtools/bin/../lib/gcc/arm-atollic-eabi/6.3.1/../../../../arm-atollic-eabi/lib/armv7e-m/fpu\libm.a(lib_a-ef_atan2.o)
 .ARM.attributes
                0x00000ba2       0x34 c:/program files (x86)/atollic/truestudio for stm32 9.0.1/armtools/bin/../lib/gcc/arm-atollic-eabi/6.3.1/../../../../arm-atollic-eabi/lib/armv7e-m/fpu\libm.a(lib_a-ef_rem_pio2.o)
 .ARM.attributes
                0x00000bd6       0x34 c:/program files (x86)/atollic/truestudio for stm32 9.0.1/armtools/bin/../lib/gcc/arm-atollic-eabi/6.3.1/../../../../arm-atollic-eabi/lib/armv7e-m/fpu\libm.a(lib_a-ef_sqrt.o)
 .ARM.attributes
                0x00000c0a       0x34 c:/program files (x86)/atollic/truestudio for stm32 9.0.1/armtools/bin/../lib/gcc/arm-atollic-eabi/6.3.1/../../../../arm-atollic-eabi/lib/armv7e-m/fpu\libm.a(lib_a-kf_cos.o)
 .ARM.attributes
                0x00000c3e       0x34 c:/program files (x86)/atollic/truestudio for stm32 9.0.1/armtools/bin/../lib/gcc/arm-atollic-eabi/6.3.1/../../../../arm-atollic-eabi/lib/armv7e-m/fpu\libm.a(lib_a-kf_rem_pio2.o)
 .ARM.attributes
                0x00000c72       0x34 c:/program files (x86)/atollic/truestudio for stm32 9.0.1/armtools/bin/../lib/gcc/arm-atollic-eabi/6.3.1/../../../../arm-atollic-eabi/lib/armv7e-m/fpu\libm.a(lib_a-kf_sin.o)
 .ARM.attributes
                0x00000ca6       0x34 c:/program files (x86)/atollic/truestudio for stm32 9.0.1/armtools/bin/../lib/gcc/arm-atollic-eabi/6.3.1/../../../../arm-atollic-eabi/lib/armv7e-m/fpu\libm.a(lib_a-s_lib_ver.o)
 .ARM.attributes
                0x00000cda       0x34 c:/program files (x86)/atollic/truestudio for stm32 9.0.1/armtools/bin/../lib/gcc/arm-atollic-eabi/6.3.1/../../../../arm-atollic-eabi/lib/armv7e-m/fpu\libm.a(lib_a-s_matherr.o)
 .ARM.attributes
                0x00000d0e       0x34 c:/program files (x86)/atollic/truestudio for stm32 9.0.1/armtools/bin/../lib/gcc/arm-atollic-eabi/6.3.1/../../../../arm-atollic-eabi/lib/armv7e-m/fpu\libm.a(lib_a-s_nan.o)
 .ARM.attributes
                0x00000d42       0x34 c:/program files (x86)/atollic/truestudio for stm32 9.0.1/armtools/bin/../lib/gcc/arm-atollic-eabi/6.3.1/../../../../arm-atollic-eabi/lib/armv7e-m/fpu\libm.a(lib_a-sf_atan.o)
 .ARM.attributes
                0x00000d76       0x34 c:/program files (x86)/atollic/truestudio for stm32 9.0.1/armtools/bin/../lib/gcc/arm-atollic-eabi/6.3.1/../../../../arm-atollic-eabi/lib/armv7e-m/fpu\libm.a(lib_a-sf_fabs.o)
 .ARM.attributes
                0x00000daa       0x34 c:/program files (x86)/atollic/truestudio for stm32 9.0.1/armtools/bin/../lib/gcc/arm-atollic-eabi/6.3.1/../../../../arm-atollic-eabi/lib/armv7e-m/fpu\libm.a(lib_a-sf_floor.o)
 .ARM.attributes
                0x00000dde       0x34 c:/program files (x86)/atollic/truestudio for stm32 9.0.1/armtools/bin/../lib/gcc/arm-atollic-eabi/6.3.1/../../../../arm-atollic-eabi/lib/armv7e-m/fpu\libm.a(lib_a-sf_scalbn.o)
 .ARM.attributes
                0x00000e12       0x34 c:/program files (x86)/atollic/truestudio for stm32 9.0.1/armtools/bin/../lib/gcc/arm-atollic-eabi/6.3.1/../../../../arm-atollic-eabi/lib/armv7e-m/fpu\libm.a(lib_a-sf_copysign.o)
 .ARM.attributes
                0x00000e46       0x34 c:/program files (x86)/atollic/truestudio for stm32 9.0.1/armtools/bin/../lib/gcc/arm-atollic-eabi/6.3.1/../../../../arm-atollic-eabi/lib/armv7e-m/fpu\libc_nano.a(lib_a-errno.o)
 .ARM.attributes
                0x00000e7a       0x22 c:/program files (x86)/atollic/truestudio for stm32 9.0.1/armtools/bin/../lib/gcc/arm-atollic-eabi/6.3.1/armv7e-m/fpu\libgcc.a(_arm_addsubdf3.o)
 .ARM.attributes
                0x00000e9c       0x22 c:/program files (x86)/atollic/truestudio for stm32 9.0.1/armtools/bin/../lib/gcc/arm-atollic-eabi/6.3.1/armv7e-m/fpu\libgcc.a(_arm_muldivdf3.o)
 .ARM.attributes
                0x00000ebe       0x22 c:/program files (x86)/atollic/truestudio for stm32 9.0.1/armtools/bin/../lib/gcc/arm-atollic-eabi/6.3.1/armv7e-m/fpu\libgcc.a(_arm_cmpdf2.o)
 .ARM.attributes
                0x00000ee0       0x22 c:/program files (x86)/atollic/truestudio for stm32 9.0.1/armtools/bin/../lib/gcc/arm-atollic-eabi/6.3.1/armv7e-m/fpu\libgcc.a(_arm_unorddf2.o)
 .ARM.attributes
                0x00000f02       0x22 c:/program files (x86)/atollic/truestudio for stm32 9.0.1/armtools/bin/../lib/gcc/arm-atollic-eabi/6.3.1/armv7e-m/fpu\libgcc.a(_arm_fixdfsi.o)
 .ARM.attributes
                0x00000f24       0x22 c:/program files (x86)/atollic/truestudio for stm32 9.0.1/armtools/bin/../lib/gcc/arm-atollic-eabi/6.3.1/armv7e-m/fpu\libgcc.a(_arm_fixunsdfsi.o)
 .ARM.attributes
                0x00000f46       0x22 c:/program files (x86)/atollic/truestudio for stm32 9.0.1/armtools/bin/../lib/gcc/arm-atollic-eabi/6.3.1/armv7e-m/fpu\libgcc.a(_arm_truncdfsf2.o)
 .ARM.attributes
                0x00000f68       0x22 c:/program files (x86)/atollic/truestudio for stm32 9.0.1/armtools/bin/../lib/gcc/arm-atollic-eabi/6.3.1/armv7e-m/fpu\libgcc.a(_aeabi_uldivmod.o)
 .ARM.attributes
                0x00000f8a       0x34 c:/program files (x86)/atollic/truestudio for stm32 9.0.1/armtools/bin/../lib/gcc/arm-atollic-eabi/6.3.1/armv7e-m/fpu\libgcc.a(_fixdfdi.o)
 .ARM.attributes
                0x00000fbe       0x34 c:/program files (x86)/atollic/truestudio for stm32 9.0.1/armtools/bin/../lib/gcc/arm-atollic-eabi/6.3.1/armv7e-m/fpu\libgcc.a(_fixunsdfdi.o)
 .ARM.attributes
                0x00000ff2       0x34 c:/program files (x86)/atollic/truestudio for stm32 9.0.1/armtools/bin/../lib/gcc/arm-atollic-eabi/6.3.1/armv7e-m/fpu\libgcc.a(_udivmoddi4.o)
 .ARM.attributes
                0x00001026       0x22 c:/program files (x86)/atollic/truestudio for stm32 9.0.1/armtools/bin/../lib/gcc/arm-atollic-eabi/6.3.1/armv7e-m/fpu\libgcc.a(_dvmd_tls.o)
 .ARM.attributes
                0x00001048       0x22 c:/program files (x86)/atollic/truestudio for stm32 9.0.1/armtools/bin/../lib/gcc/arm-atollic-eabi/6.3.1/armv7e-m/fpu/crtn.o
OUTPUT(M4_stting.elf elf32-littlearm)

.debug_info     0x00000000    0x28a69
 .debug_info    0x00000000     0x123e Drivers\STM32F4xx_HAL_Driver\Src\stm32f4xx_hal.o
 .debug_info    0x0000123e     0x1762 Drivers\STM32F4xx_HAL_Driver\Src\stm32f4xx_hal_cortex.o
 .debug_info    0x000029a0     0x125c Drivers\STM32F4xx_HAL_Driver\Src\stm32f4xx_hal_dma.o
 .debug_info    0x00003bfc      0xfd6 Drivers\STM32F4xx_HAL_Driver\Src\stm32f4xx_hal_gpio.o
 .debug_info    0x00004bd2     0x3799 Drivers\STM32F4xx_HAL_Driver\Src\stm32f4xx_hal_i2c.o
 .debug_info    0x0000836b     0x100b Drivers\STM32F4xx_HAL_Driver\Src\stm32f4xx_hal_pwr_ex.o
 .debug_info    0x00009376     0x12a9 Drivers\STM32F4xx_HAL_Driver\Src\stm32f4xx_hal_rcc.o
 .debug_info    0x0000a61f     0x13fa Drivers\STM32F4xx_HAL_Driver\Src\stm32f4xx_hal_rcc_ex.o
 .debug_info    0x0000ba19     0x3ba2 Drivers\STM32F4xx_HAL_Driver\Src\stm32f4xx_hal_tim.o
 .debug_info    0x0000f5bb     0x19a5 Drivers\STM32F4xx_HAL_Driver\Src\stm32f4xx_hal_tim_ex.o
 .debug_info    0x00010f60     0x1ea3 Drivers\STM32F4xx_HAL_Driver\Src\stm32f4xx_hal_uart.o
 .debug_info    0x00012e03      0xa8d Inc\My_Src\Complementary_Filter.o
 .debug_info    0x00013890      0xe69 Inc\My_Src\GPS.o
 .debug_info    0x000146f9      0xfb2 Inc\My_Src\LPF.o
 .debug_info    0x000156ab     0x1586 Inc\My_Src\TinyGPS.o
 .debug_info    0x00016c31     0x1676 Inc\My_Src\my_Control_lib.o
 .debug_info    0x000182a7     0x1e33 Inc\My_Src\my_GY_86_lib.o
 .debug_info    0x0001a0da     0x10b3 Inc\My_Src\my_MotorControl_lib.o
 .debug_info    0x0001b18d      0xb74 Inc\My_Src\my_PIDControl.o
 .debug_info    0x0001bd01     0x1195 Inc\My_Src\my_PID_lib.o
 .debug_info    0x0001ce96     0x151c Inc\My_Src\my_Sensor_calc.o
 .debug_info    0x0001e3b2     0x12b3 Inc\My_Src\my_receiver_lib.o
 .debug_info    0x0001f665      0x2a9 Inc\My_Src\s_busProtocol.o
 .debug_info    0x0001f90e      0xd27 Src\gpio.o
 .debug_info    0x00020635     0x1254 Src\i2c.o
 .debug_info    0x00021889     0x1ac9 Src\main.o
 .debug_info    0x00023352      0xea5 Src\stm32f4xx_hal_msp.o
 .debug_info    0x000241f7      0xe29 Src\stm32f4xx_it.o
 .debug_info    0x00025020      0xd50 Src\system_stm32f4xx.o
 .debug_info    0x00025d70     0x167c Src\tim.o
 .debug_info    0x000273ec     0x1603 Src\usart.o
 .debug_info    0x000289ef       0x7a startup\startup_stm32f446xx.o

.debug_abbrev   0x00000000     0x5110
 .debug_abbrev  0x00000000      0x308 Drivers\STM32F4xx_HAL_Driver\Src\stm32f4xx_hal.o
 .debug_abbrev  0x00000308      0x399 Drivers\STM32F4xx_HAL_Driver\Src\stm32f4xx_hal_cortex.o
 .debug_abbrev  0x000006a1      0x34a Drivers\STM32F4xx_HAL_Driver\Src\stm32f4xx_hal_dma.o
 .debug_abbrev  0x000009eb      0x268 Drivers\STM32F4xx_HAL_Driver\Src\stm32f4xx_hal_gpio.o
 .debug_abbrev  0x00000c53      0x3b4 Drivers\STM32F4xx_HAL_Driver\Src\stm32f4xx_hal_i2c.o
 .debug_abbrev  0x00001007      0x291 Drivers\STM32F4xx_HAL_Driver\Src\stm32f4xx_hal_pwr_ex.o
 .debug_abbrev  0x00001298      0x353 Drivers\STM32F4xx_HAL_Driver\Src\stm32f4xx_hal_rcc.o
 .debug_abbrev  0x000015eb      0x295 Drivers\STM32F4xx_HAL_Driver\Src\stm32f4xx_hal_rcc_ex.o
 .debug_abbrev  0x00001880      0x3ac Drivers\STM32F4xx_HAL_Driver\Src\stm32f4xx_hal_tim.o
 .debug_abbrev  0x00001c2c      0x300 Drivers\STM32F4xx_HAL_Driver\Src\stm32f4xx_hal_tim_ex.o
 .debug_abbrev  0x00001f2c      0x397 Drivers\STM32F4xx_HAL_Driver\Src\stm32f4xx_hal_uart.o
 .debug_abbrev  0x000022c3      0x212 Inc\My_Src\Complementary_Filter.o
 .debug_abbrev  0x000024d5      0x1e2 Inc\My_Src\GPS.o
 .debug_abbrev  0x000026b7      0x21e Inc\My_Src\LPF.o
 .debug_abbrev  0x000028d5      0x441 Inc\My_Src\TinyGPS.o
 .debug_abbrev  0x00002d16      0x257 Inc\My_Src\my_Control_lib.o
 .debug_abbrev  0x00002f6d      0x3a6 Inc\My_Src\my_GY_86_lib.o
 .debug_abbrev  0x00003313      0x26e Inc\My_Src\my_MotorControl_lib.o
 .debug_abbrev  0x00003581      0x18d Inc\My_Src\my_PIDControl.o
 .debug_abbrev  0x0000370e      0x24b Inc\My_Src\my_PID_lib.o
 .debug_abbrev  0x00003959      0x369 Inc\My_Src\my_Sensor_calc.o
 .debug_abbrev  0x00003cc2      0x26e Inc\My_Src\my_receiver_lib.o
 .debug_abbrev  0x00003f30       0x9f Inc\My_Src\s_busProtocol.o
 .debug_abbrev  0x00003fcf      0x1f7 Src\gpio.o
 .debug_abbrev  0x000041c6      0x229 Src\i2c.o
 .debug_abbrev  0x000043ef      0x279 Src\main.o
 .debug_abbrev  0x00004668      0x200 Src\stm32f4xx_hal_msp.o
 .debug_abbrev  0x00004868      0x1da Src\stm32f4xx_it.o
 .debug_abbrev  0x00004a42      0x1ca Src\system_stm32f4xx.o
 .debug_abbrev  0x00004c0c      0x299 Src\tim.o
 .debug_abbrev  0x00004ea5      0x259 Src\usart.o
 .debug_abbrev  0x000050fe       0x12 startup\startup_stm32f446xx.o

.debug_loc      0x00000000     0xc7e1
 .debug_loc     0x00000000      0x11b Drivers\STM32F4xx_HAL_Driver\Src\stm32f4xx_hal.o
 .debug_loc     0x0000011b      0x4fb Drivers\STM32F4xx_HAL_Driver\Src\stm32f4xx_hal_cortex.o
 .debug_loc     0x00000616      0x727 Drivers\STM32F4xx_HAL_Driver\Src\stm32f4xx_hal_dma.o
 .debug_loc     0x00000d3d      0x3cd Drivers\STM32F4xx_HAL_Driver\Src\stm32f4xx_hal_gpio.o
 .debug_loc     0x0000110a     0x2bba Drivers\STM32F4xx_HAL_Driver\Src\stm32f4xx_hal_i2c.o
 .debug_loc     0x00003cc4      0x15d Drivers\STM32F4xx_HAL_Driver\Src\stm32f4xx_hal_pwr_ex.o
 .debug_loc     0x00003e21      0x336 Drivers\STM32F4xx_HAL_Driver\Src\stm32f4xx_hal_rcc.o
 .debug_loc     0x00004157      0xa31 Drivers\STM32F4xx_HAL_Driver\Src\stm32f4xx_hal_rcc_ex.o
 .debug_loc     0x00004b88     0x30b2 Drivers\STM32F4xx_HAL_Driver\Src\stm32f4xx_hal_tim.o
 .debug_loc     0x00007c3a      0x84a Drivers\STM32F4xx_HAL_Driver\Src\stm32f4xx_hal_tim_ex.o
 .debug_loc     0x00008484     0x132c Drivers\STM32F4xx_HAL_Driver\Src\stm32f4xx_hal_uart.o
 .debug_loc     0x000097b0      0x414 Inc\My_Src\Complementary_Filter.o
 .debug_loc     0x00009bc4       0xf2 Inc\My_Src\LPF.o
 .debug_loc     0x00009cb6      0x844 Inc\My_Src\TinyGPS.o
 .debug_loc     0x0000a4fa      0x3cc Inc\My_Src\my_GY_86_lib.o
 .debug_loc     0x0000a8c6      0x158 Inc\My_Src\my_MotorControl_lib.o
 .debug_loc     0x0000aa1e      0x475 Inc\My_Src\my_PIDControl.o
 .debug_loc     0x0000ae93       0x70 Inc\My_Src\my_PID_lib.o
 .debug_loc     0x0000af03     0x141b Inc\My_Src\my_Sensor_calc.o
 .debug_loc     0x0000c31e      0x149 Inc\My_Src\my_receiver_lib.o
 .debug_loc     0x0000c467      0x11e Inc\My_Src\s_busProtocol.o
 .debug_loc     0x0000c585       0x4d Src\i2c.o
 .debug_loc     0x0000c5d2      0x11c Src\system_stm32f4xx.o
 .debug_loc     0x0000c6ee       0x42 Src\tim.o
 .debug_loc     0x0000c730       0xb1 Src\usart.o

.debug_aranges  0x00000000      0xf80
 .debug_aranges
                0x00000000       0xd8 Drivers\STM32F4xx_HAL_Driver\Src\stm32f4xx_hal.o
 .debug_aranges
                0x000000d8       0xa8 Drivers\STM32F4xx_HAL_Driver\Src\stm32f4xx_hal_cortex.o
 .debug_aranges
                0x00000180       0x80 Drivers\STM32F4xx_HAL_Driver\Src\stm32f4xx_hal_dma.o
 .debug_aranges
                0x00000200       0x58 Drivers\STM32F4xx_HAL_Driver\Src\stm32f4xx_hal_gpio.o
 .debug_aranges
                0x00000258      0x190 Drivers\STM32F4xx_HAL_Driver\Src\stm32f4xx_hal_i2c.o
 .debug_aranges
                0x000003e8       0x60 Drivers\STM32F4xx_HAL_Driver\Src\stm32f4xx_hal_pwr_ex.o
 .debug_aranges
                0x00000448       0x88 Drivers\STM32F4xx_HAL_Driver\Src\stm32f4xx_hal_rcc.o
 .debug_aranges
                0x000004d0       0x78 Drivers\STM32F4xx_HAL_Driver\Src\stm32f4xx_hal_rcc_ex.o
 .debug_aranges
                0x00000548      0x250 Drivers\STM32F4xx_HAL_Driver\Src\stm32f4xx_hal_tim.o
 .debug_aranges