TinyGPS.c:19:19:millis	0	static
TinyGPS.c:63:8:gpsisdigit	0	static
TinyGPS.c:70:6:TinyGPS	0	static
TinyGPS.c:141:5:from_hex	0	static
TinyGPS.c:307:6:gpsatol	8	static
TinyGPS.c:151:15:parse_decimal	16	static
TinyGPS.c:171:15:parse_degrees	16	static
TinyGPS.c:315:5:gpsstrcmp	0	static
TinyGPS.c:193:6:term_complete	16	static
TinyGPS.c:96:6:encode	16	static
TinyGPS.c:323:7:distance_between	72	static
TinyGPS.c:348:7:course_to	88	static
TinyGPS.c:371:6:get_position	0	static
TinyGPS.c:380:6:get_datetime	0	static
TinyGPS.c:388:6:f_get_position	32	static
TinyGPS.c:396:6:crack_datetime	40	static
TinyGPS.c:414:7:f_altitude	8	static
TinyGPS.c:419:7:f_course	8	static
TinyGPS.c:424:7:f_speed_knots	8	static
TinyGPS.c:429:7:f_speed_mph	8	static
TinyGPS.c:435:7:f_speed_mps	8	static
TinyGPS.c:441:7:f_speed_kmph	8	static
TinyGPS.c:448:6:altitude	0	static
TinyGPS.c:451:15:course	0	static
TinyGPS.c:454:15:speed	0	static
TinyGPS.c:457:16:satellites	0	static
TinyGPS.c:460:15:hdop	0	static
